Component: ARM Compiler 5.06 update 5 (build 528) Tool: armlink [4d35e2]

==============================================================================

Section Cross References

    startup_stm32f407xx.o(RESET) refers to startup_stm32f407xx.o(STACK) for __initial_sp
    startup_stm32f407xx.o(RESET) refers to startup_stm32f407xx.o(.text) for Reset_Handler
    startup_stm32f407xx.o(RESET) refers to stm32f4xx_it.o(i.SysTick_Handler) for SysTick_Handler
    startup_stm32f407xx.o(RESET) refers to stm32f4xx_it.o(i.OTG_FS_IRQHandler) for OTG_FS_IRQHandler
    startup_stm32f407xx.o(.text) refers to system_stm32f4xx.o(i.SystemInit) for SystemInit
    startup_stm32f407xx.o(.text) refers to entry.o(.ARM.Collect$$$$00000000) for __main
    system_stm32f4xx.o(i.SystemCoreClockUpdate) refers to system_stm32f4xx.o(.data) for .data
    system_stm32f4xx.o(i.SystemCoreClockUpdate) refers to system_stm32f4xx.o(.constdata) for .constdata
    usbh_cdc.o(i.CDC_ProcessReception) refers to usbh_conf.o(i.USBH_LL_GetURBState) for USBH_LL_GetURBState
    usbh_cdc.o(i.CDC_ProcessReception) refers to usbh_conf.o(i.USBH_LL_GetLastXferSize) for USBH_LL_GetLastXferSize
    usbh_cdc.o(i.CDC_ProcessReception) refers to usbh_ioreq.o(i.USBH_BulkReceiveData) for USBH_BulkReceiveData
    usbh_cdc.o(i.CDC_ProcessReception) refers to usbh_cdc.o(i.USBH_CDC_ReceiveCallback) for USBH_CDC_ReceiveCallback
    usbh_cdc.o(i.CDC_ProcessTransmission) refers to usbh_conf.o(i.USBH_LL_GetURBState) for USBH_LL_GetURBState
    usbh_cdc.o(i.CDC_ProcessTransmission) refers to usbh_ioreq.o(i.USBH_BulkSendData) for USBH_BulkSendData
    usbh_cdc.o(i.CDC_ProcessTransmission) refers to usbh_cdc.o(i.USBH_CDC_TransmitCallback) for USBH_CDC_TransmitCallback
    usbh_cdc.o(i.GetLineCoding) refers to usbh_ctlreq.o(i.USBH_CtlReq) for USBH_CtlReq
    usbh_cdc.o(i.USBH_CDC_ClassRequest) refers to usbh_cdc.o(i.GetLineCoding) for GetLineCoding
    usbh_cdc.o(i.USBH_CDC_GetLastReceivedDataSize) refers to usbh_conf.o(i.USBH_LL_GetLastXferSize) for USBH_LL_GetLastXferSize
    usbh_cdc.o(i.USBH_CDC_InterfaceDeInit) refers to usbh_pipes.o(i.USBH_ClosePipe) for USBH_ClosePipe
    usbh_cdc.o(i.USBH_CDC_InterfaceDeInit) refers to usbh_pipes.o(i.USBH_FreePipe) for USBH_FreePipe
    usbh_cdc.o(i.USBH_CDC_InterfaceDeInit) refers to malloc.o(i.free) for free
    usbh_cdc.o(i.USBH_CDC_InterfaceInit) refers to usbh_core.o(i.USBH_FindInterface) for USBH_FindInterface
    usbh_cdc.o(i.USBH_CDC_InterfaceInit) refers to usbh_core.o(i.USBH_SelectInterface) for USBH_SelectInterface
    usbh_cdc.o(i.USBH_CDC_InterfaceInit) refers to malloc.o(i.malloc) for malloc
    usbh_cdc.o(i.USBH_CDC_InterfaceInit) refers to usbh_pipes.o(i.USBH_AllocPipe) for USBH_AllocPipe
    usbh_cdc.o(i.USBH_CDC_InterfaceInit) refers to usbh_pipes.o(i.USBH_OpenPipe) for USBH_OpenPipe
    usbh_cdc.o(i.USBH_CDC_InterfaceInit) refers to usbh_conf.o(i.USBH_LL_SetToggle) for USBH_LL_SetToggle
    usbh_cdc.o(i.USBH_CDC_Process) refers to usbh_ctlreq.o(i.USBH_CtlReq) for USBH_CtlReq
    usbh_cdc.o(i.USBH_CDC_Process) refers to usbh_cdc.o(i.GetLineCoding) for GetLineCoding
    usbh_cdc.o(i.USBH_CDC_Process) refers to usbh_cdc.o(i.USBH_CDC_LineCodingChanged) for USBH_CDC_LineCodingChanged
    usbh_cdc.o(i.USBH_CDC_Process) refers to usbh_cdc.o(i.CDC_ProcessTransmission) for CDC_ProcessTransmission
    usbh_cdc.o(i.USBH_CDC_Process) refers to usbh_cdc.o(i.CDC_ProcessReception) for CDC_ProcessReception
    usbh_cdc.o(i.USBH_CDC_Process) refers to usbh_ctlreq.o(i.USBH_ClrFeature) for USBH_ClrFeature
    usbh_cdc.o(i.USBH_CDC_Stop) refers to usbh_pipes.o(i.USBH_ClosePipe) for USBH_ClosePipe
    usbh_cdc.o(.data) refers to usbh_cdc.o(.conststring) for .conststring
    usbh_cdc.o(.data) refers to usbh_cdc.o(i.USBH_CDC_InterfaceInit) for USBH_CDC_InterfaceInit
    usbh_cdc.o(.data) refers to usbh_cdc.o(i.USBH_CDC_InterfaceDeInit) for USBH_CDC_InterfaceDeInit
    usbh_cdc.o(.data) refers to usbh_cdc.o(i.USBH_CDC_ClassRequest) for USBH_CDC_ClassRequest
    usbh_cdc.o(.data) refers to usbh_cdc.o(i.USBH_CDC_Process) for USBH_CDC_Process
    usbh_cdc.o(.data) refers to usbh_cdc.o(i.USBH_CDC_SOFProcess) for USBH_CDC_SOFProcess
    usbh_ctlreq.o(i.USBH_ClrFeature) refers to usbh_ctlreq.o(i.USBH_CtlReq) for USBH_CtlReq
    usbh_ctlreq.o(i.USBH_CtlReq) refers to usbh_ctlreq.o(i.USBH_HandleControl) for USBH_HandleControl
    usbh_ctlreq.o(i.USBH_GetDescriptor) refers to usbh_ctlreq.o(i.USBH_CtlReq) for USBH_CtlReq
    usbh_ctlreq.o(i.USBH_Get_CfgDesc) refers to usbh_ctlreq.o(i.USBH_GetDescriptor) for USBH_GetDescriptor
    usbh_ctlreq.o(i.USBH_Get_CfgDesc) refers to usbh_ctlreq.o(i.USBH_ParseCfgDesc) for USBH_ParseCfgDesc
    usbh_ctlreq.o(i.USBH_Get_DevDesc) refers to usbh_ctlreq.o(i.USBH_GetDescriptor) for USBH_GetDescriptor
    usbh_ctlreq.o(i.USBH_Get_StringDesc) refers to usbh_ctlreq.o(i.USBH_GetDescriptor) for USBH_GetDescriptor
    usbh_ctlreq.o(i.USBH_HandleControl) refers to usbh_ioreq.o(i.USBH_CtlSendSetup) for USBH_CtlSendSetup
[...]
    ../clib/microlib/init/entry.s            0x00000000   Number         0  entry7b.o ABSOLUTE
    ../clib/microlib/init/entry.s            0x00000000   Number         0  entry.o ABSOLUTE
    ../clib/microlib/init/entry.s            0x00000000   Number         0  entry7a.o ABSOLUTE
    ../clib/microlib/init/entry.s            0x00000000   Number         0  entry10a.o ABSOLUTE
    ../clib/microlib/init/entry.s            0x00000000   Number         0  entry10b.o ABSOLUTE
    ../clib/microlib/init/entry.s            0x00000000   Number         0  entry11a.o ABSOLUTE
    ../clib/microlib/longlong.c              0x00000000   Number         0  llushr.o ABSOLUTE
    ../clib/microlib/longlong.c              0x00000000   Number         0  llshl.o ABSOLUTE
    ../clib/microlib/malloc/malloc.c         0x00000000   Number         0  malloc.o ABSOLUTE
    ../clib/microlib/malloc/malloc.c         0x00000000   Number         0  mallocr.o ABSOLUTE
    ../clib/microlib/malloc/malloc.c         0x00000000   Number         0  mallocra.o ABSOLUTE
    ../clib/microlib/malloc/malloc.c         0x00000000   Number         0  malloca.o ABSOLUTE
    ../clib/microlib/malloc/mvars.c          0x00000000   Number         0  mvars.o ABSOLUTE
    ../clib/microlib/string/memcpy.c         0x00000000   Number         0  memcpya.o ABSOLUTE
    ../clib/microlib/string/memcpy.c         0x00000000   Number         0  memcpyb.o ABSOLUTE
    ../clib/microlib/stubs.s                 0x00000000   Number         0  iusefp.o ABSOLUTE
    ../fplib/microlib/d2f.c                  0x00000000   Number         0  d2f.o ABSOLUTE
    ../fplib/microlib/f2d.c                  0x00000000   Number         0  f2d.o ABSOLUTE
    ../fplib/microlib/fpepilogue.c           0x00000000   Number         0  fepilogue.o ABSOLUTE
    ../fplib/microlib/fpepilogue.c           0x00000000   Number         0  depilogue.o ABSOLUTE
    ../fplib/microlib/fpsqrt.c               0x00000000   Number         0  dsqrt.o ABSOLUTE
    ../mathlib/sqrt.c                        0x00000000   Number         0  sqrt.o ABSOLUTE
    ../mathlib/sqrt.c                        0x00000000   Number         0  sqrt_x.o ABSOLUTE
    ..\Drivers\STM32F4xx_HAL_Driver\Src\stm32f4xx_hal.c 0x00000000   Number         0  stm32f4xx_hal.o ABSOLUTE
    ..\Drivers\STM32F4xx_HAL_Driver\Src\stm32f4xx_hal_adc.c 0x00000000   Number         0  stm32f4xx_hal_adc.o ABSOLUTE
    ..\Drivers\STM32F4xx_HAL_Driver\Src\stm32f4xx_hal_adc_ex.c 0x00000000   Number         0  stm32f4xx_hal_adc_ex.o ABSOLUTE
    ..\Drivers\STM32F4xx_HAL_Driver\Src\stm32f4xx_hal_cortex.c 0x00000000   Number         0  stm32f4xx_hal_cortex.o ABSOLUTE
    ..\Drivers\STM32F4xx_HAL_Driver\Src\stm32f4xx_hal_dma.c 0x00000000   Number         0  stm32f4xx_hal_dma.o ABSOLUTE
    ..\Drivers\STM32F4xx_HAL_Driver\Src\stm32f4xx_hal_dma_ex.c 0x00000000   Number         0  stm32f4xx_hal_dma_ex.o ABSOLUTE
    ..\Drivers\STM32F4xx_HAL_Driver\Src\stm32f4xx_hal_flash.c 0x00000000   Number         0  stm32f4xx_hal_flash.o ABSOLUTE
    ..\Drivers\STM32F4xx_HAL_Driver\Src\stm32f4xx_hal_flash_ex.c 0x00000000   Number         0  stm32f4xx_hal_flash_ex.o ABSOLUTE
    ..\Drivers\STM32F4xx_HAL_Driver\Src\stm32f4xx_hal_flash_ramfunc.c 0x00000000   Number         0  stm32f4xx_hal_flash_ramfunc.o ABSOLUTE
    ..\Drivers\STM32F4xx_HAL_Driver\Src\stm32f4xx_hal_gpio.c 0x00000000   Number         0  stm32f4xx_hal_gpio.o ABSOLUTE
    ..\Drivers\STM32F4xx_HAL_Driver\Src\stm32f4xx_hal_hcd.c 0x00000000   Number         0  stm32f4xx_hal_hcd.o ABSOLUTE
    ..\Drivers\STM32F4xx_HAL_Driver\Src\stm32f4xx_hal_i2c.c 0x00000000   Number         0  stm32f4xx_hal_i2c.o ABSOLUTE
    ..\Drivers\STM32F4xx_HAL_Driver\Src\stm32f4xx_hal_i2c_ex.c 0x00000000   Number         0  stm32f4xx_hal_i2c_ex.o ABSOLUTE
    ..\Drivers\STM32F4xx_HAL_Driver\Src\stm32f4xx_hal_i2s.c 0x00000000   Number         0  stm32f4xx_hal_i2s.o ABSOLUTE
    ..\Drivers\STM32F4xx_HAL_Driver\Src\stm32f4xx_hal_i2s_ex.c 0x00000000   Number         0  stm32f4xx_hal_i2s_ex.o ABSOLUTE
    ..\Drivers\STM32F4xx_HAL_Driver\Src\stm32f4xx_hal_pwr.c 0x00000000   Number         0  stm32f4xx_hal_pwr.o ABSOLUTE
    ..\Drivers\STM32F4xx_HAL_Driver\Src\stm32f4xx_hal_pwr_ex.c 0x00000000   Number         0  stm32f4xx_hal_pwr_ex.o ABSOLUTE
    ..\Drivers\STM32F4xx_HAL_Driver\Src\stm32f4xx_hal_rcc.c 0x00000000   Number         0  stm32f4xx_hal_rcc.o ABSOLUTE
    ..\Drivers\STM32F4xx_HAL_Driver\Src\stm32f4xx_hal_rcc_ex.c 0x00000000   Number         0  stm32f4xx_hal_rcc_ex.o ABSOLUTE
    ..\Drivers\STM32F4xx_HAL_Driver\Src\stm32f4xx_hal_spi.c 0x00000000   Number         0  stm32f4xx_hal_spi.o ABSOLUTE
    ..\Drivers\STM32F4xx_HAL_Driver\Src\stm32f4xx_hal_tim.c 0x00000000   Number         0  stm32f4xx_hal_tim.o ABSOLUTE
    ..\Drivers\STM32F4xx_HAL_Driver\Src\stm32f4xx_hal_tim_ex.c 0x00000000   Number         0  stm32f4xx_hal_tim_ex.o ABSOLUTE
    ..\Drivers\STM32F4xx_HAL_Driver\Src\stm32f4xx_ll_usb.c 0x00000000   Number         0  stm32f4xx_ll_usb.o ABSOLUTE
    ..\Middlewares\ST\STM32_USB_Host_Library\Class\CDC\Src\usbh_cdc.c 0x00000000   Number         0  usbh_cdc.o ABSOLUTE
    ..\Middlewares\ST\STM32_USB_Host_Library\Core\Src\usbh_core.c 0x00000000   Number         0  usbh_core.o ABSOLUTE
    ..\Middlewares\ST\STM32_USB_Host_Library\Core\Src\usbh_ctlreq.c 0x00000000   Number         0  usbh_ctlreq.o ABSOLUTE
    ..\Middlewares\ST\STM32_USB_Host_Library\Core\Src\usbh_ioreq.c 0x00000000   Number         0  usbh_ioreq.o ABSOLUTE
    ..\Middlewares\ST\STM32_USB_Host_Library\Core\Src\usbh_pipes.c 0x00000000   Number         0  usbh_pipes.o ABSOLUTE
    ..\Src\main.c                            0x00000000   Number         0  main.o ABSOLUTE
    ..\Src\stm32f4xx_hal_msp.c               0x00000000   Number         0  stm32f4xx_hal_msp.o ABSOLUTE
    ..\Src\stm32f4xx_it.c                    0x00000000   Number         0  stm32f4xx_it.o ABSOLUTE
    ..\Src\system_stm32f4xx.c                0x00000000   Number         0  system_stm32f4xx.o ABSOLUTE
    ..\Src\usb_host.c                        0x00000000   Number         0  usb_host.o ABSOLUTE
    ..\Src\usbh_conf.c                       0x00000000   Number         0  usbh_conf.o ABSOLUTE
    ..\Src\usbh_platform.c                   0x00000000   Number         0  usbh_platform.o ABSOLUTE
    cdcmple.s                                0x00000000   Number         0  cdcmple.o ABSOLUTE
    dc.s                                     0x00000000   Number         0  dc.o ABSOLUTE
    handlers.s                               0x00000000   Number         0  handlers.o ABSOLUTE
    init.s                                   0x00000000   Number         0  init.o ABSOLUTE
    startup_stm32f407xx.s                    0x00000000   Number         0  startup_stm32f407xx.o ABSOLUTE
    RESET                                    0x08000000   Section      392  startup_stm32f407xx.o(RESET)
    .ARM.Collect$$$$00000000                 0x08000188   Section        0  entry.o(.ARM.Collect$$$$00000000)
    .ARM.Collect$$$$00000001                 0x08000188   Section        4  entry2.o(.ARM.Collect$$$$00000001)
    .ARM.Collect$$$$00000004                 0x0800018c   Section        4  entry5.o(.ARM.Collect$$$$00000004)
    .ARM.Collect$$$$00000008                 0x08000190   Section        0  entry7b.o(.ARM.Collect$$$$00000008)
    .ARM.Collect$$$$0000000A                 0x08000190   Section        0  entry8b.o(.ARM.Collect$$$$0000000A)
    .ARM.Collect$$$$0000000B                 0x08000190   Section        8  entry9a.o(.ARM.Collect$$$$0000000B)
    .ARM.Collect$$$$0000000D                 0x08000198   Section        0  entry10a.o(.ARM.Collect$$$$0000000D)
    .ARM.Collect$$$$0000000F                 0x08000198   Section        0  entry11a.o(.ARM.Collect$$$$0000000F)
    .ARM.Collect$$$$00002712                 0x08000198   Section        4  entry2.o(.ARM.Collect$$$$00002712)
    __lit__00000000                          0x08000198   Data           4  entry2.o(.ARM.Collect$$$$00002712)
    .text                                    0x0800019c   Section       36  startup_stm32f407xx.o(.text)
    $v0                                      0x0800019c   Number         0  startup_stm32f407xx.o(.text)
    .text                                    0x080001c0   Section        0  uldiv.o(.text)
    .text                                    0x08000222   Section        0  memcpya.o(.text)
    .text                                    0x08000246   Section        0  llshl.o(.text)
    .text                                    0x08000264   Section        0  llushr.o(.text)
    .text                                    0x08000284   Section       36  init.o(.text)
    i.ADC_Init                               0x080002a8   Section        0  stm32f4xx_hal_adc.o(i.ADC_Init)
    ADC_Init                                 0x080002a9   Thumb Code   280  stm32f4xx_hal_adc.o(i.ADC_Init)
    i.CDC_ProcessReception                   0x080003cc   Section        0  usbh_cdc.o(i.CDC_ProcessReception)
    CDC_ProcessReception                     0x080003cd   Thumb Code   104  usbh_cdc.o(i.CDC_ProcessReception)
    i.CDC_ProcessTransmission                0x08000434   Section        0  usbh_cdc.o(i.CDC_ProcessTransmission)
    CDC_ProcessTransmission                  0x08000435   Thumb Code   114  usbh_cdc.o(i.CDC_ProcessTransmission)
    i.DeInitStateMachine                     0x080004a8   Section        0  usbh_core.o(i.DeInitStateMachine)
    DeInitStateMachine                       0x080004a9   Thumb Code    72  usbh_core.o(i.DeInitStateMachine)
    i.GetLineCoding                          0x080004f0   Section        0  usbh_cdc.o(i.GetLineCoding)
    GetLineCoding                            0x080004f1   Thumb Code    22  usbh_cdc.o(i.GetLineCoding)
    i.HAL_ADC_ConfigChannel                  0x08000508   Section        0  stm32f4xx_hal_adc.o(i.HAL_ADC_ConfigChannel)
    i.HAL_ADC_Init                           0x08000654   Section        0  stm32f4xx_hal_adc.o(i.HAL_ADC_Init)
    i.HAL_ADC_MspInit                        0x080006a8   Section        0  stm32f4xx_hal_msp.o(i.HAL_ADC_MspInit)
    i.HAL_Delay                              0x080006ec   Section        0  stm32f4xx_hal.o(i.HAL_Delay)
    i.HAL_GPIO_Init                          0x08000710   Section        0  stm32f4xx_hal_gpio.o(i.HAL_GPIO_Init)
    i.HAL_GPIO_WritePin                      0x080008c0   Section        0  stm32f4xx_hal_gpio.o(i.HAL_GPIO_WritePin)
    i.HAL_GetTick                            0x080008cc   Section        0  stm32f4xx_hal.o(i.HAL_GetTick)
    i.HAL_HCD_Connect_Callback               0x080008d8   Section        0  usbh_conf.o(i.HAL_HCD_Connect_Callback)
    i.HAL_HCD_Disconnect_Callback            0x080008e0   Section        0  usbh_conf.o(i.HAL_HCD_Disconnect_Callback)
    i.HAL_HCD_GetCurrentFrame                0x080008e8   Section        0  stm32f4xx_hal_hcd.o(i.HAL_HCD_GetCurrentFrame)
    i.HAL_HCD_GetCurrentSpeed                0x080008ee   Section        0  stm32f4xx_hal_hcd.o(i.HAL_HCD_GetCurrentSpeed)
    i.HAL_HCD_HC_GetURBState                 0x080008f4   Section        0  stm32f4xx_hal_hcd.o(i.HAL_HCD_HC_GetURBState)
    i.HAL_HCD_HC_GetXferCount                0x08000902   Section        0  stm32f4xx_hal_hcd.o(i.HAL_HCD_HC_GetXferCount)
    i.HAL_HCD_HC_Halt                        0x0800090e   Section        0  stm32f4xx_hal_hcd.o(i.HAL_HCD_HC_Halt)
    i.HAL_HCD_HC_Init                        0x08000932   Section        0  stm32f4xx_hal_hcd.o(i.HAL_HCD_HC_Init)
    i.HAL_HCD_HC_NotifyURBChange_Callback    0x08000986   Section        0  usbh_conf.o(i.HAL_HCD_HC_NotifyURBChange_Callback)
    i.HAL_HCD_HC_SubmitRequest               0x08000988   Section        0  stm32f4xx_hal_hcd.o(i.HAL_HCD_HC_SubmitRequest)
    i.HAL_HCD_IRQHandler                     0x08000a40   Section        0  stm32f4xx_hal_hcd.o(i.HAL_HCD_IRQHandler)
    i.HAL_HCD_Init                           0x08000b6e   Section        0  stm32f4xx_hal_hcd.o(i.HAL_HCD_Init)
    i.HAL_HCD_MspInit                        0x08000bc8   Section        0  usbh_conf.o(i.HAL_HCD_MspInit)
    i.HAL_HCD_ResetPort                      0x08000c40   Section        0  stm32f4xx_hal_hcd.o(i.HAL_HCD_ResetPort)
    i.HAL_HCD_SOF_Callback                   0x08000c46   Section        0  usbh_conf.o(i.HAL_HCD_SOF_Callback)
    i.HAL_HCD_Start                          0x08000c4e   Section        0  stm32f4xx_hal_hcd.o(i.HAL_HCD_Start)
    i.HAL_HCD_Stop                           0x08000c7a   Section        0  stm32f4xx_hal_hcd.o(i.HAL_HCD_Stop)
    i.HAL_I2C_Init                           0x08000ca0   Section        0  stm32f4xx_hal_i2c.o(i.HAL_I2C_Init)
    i.HAL_I2C_MspInit                        0x08000da8   Section        0  stm32f4xx_hal_msp.o(i.HAL_I2C_MspInit)
    i.HAL_I2SEx_FullDuplex_IRQHandler        0x08000df4   Section        0  stm32f4xx_hal_i2s_ex.o(i.HAL_I2SEx_FullDuplex_IRQHandler)
    i.HAL_I2SEx_TxRxCpltCallback             0x08000fd8   Section        0  stm32f4xx_hal_i2s_ex.o(i.HAL_I2SEx_TxRxCpltCallback)
    i.HAL_I2S_ErrorCallback                  0x08000fda   Section        0  stm32f4xx_hal_i2s.o(i.HAL_I2S_ErrorCallback)
    i.HAL_I2S_Init                           0x08000fdc   Section        0  stm32f4xx_hal_i2s.o(i.HAL_I2S_Init)
    i.HAL_I2S_MspInit                        0x0800115c   Section        0  stm32f4xx_hal_msp.o(i.HAL_I2S_MspInit)
    i.HAL_I2S_RxCpltCallback                 0x080011c0   Section        0  stm32f4xx_hal_i2s.o(i.HAL_I2S_RxCpltCallback)
    i.HAL_I2S_TxCpltCallback                 0x080011c2   Section        0  stm32f4xx_hal_i2s.o(i.HAL_I2S_TxCpltCallback)
    i.HAL_IncTick                            0x080011c4   Section        0  stm32f4xx_hal.o(i.HAL_IncTick)
    i.HAL_Init                               0x080011d4   Section        0  stm32f4xx_hal.o(i.HAL_Init)
    i.HAL_InitTick                           0x08001208   Section        0  stm32f4xx_hal.o(i.HAL_InitTick)
    i.HAL_MspInit                            0x08001248   Section        0  stm32f4xx_hal_msp.o(i.HAL_MspInit)
    i.HAL_NVIC_EnableIRQ                     0x080012a0   Section        0  stm32f4xx_hal_cortex.o(i.HAL_NVIC_EnableIRQ)
    i.HAL_NVIC_SetPriority                   0x080012b8   Section        0  stm32f4xx_hal_cortex.o(i.HAL_NVIC_SetPriority)
    i.HAL_NVIC_SetPriorityGrouping           0x080012f8   Section        0  stm32f4xx_hal_cortex.o(i.HAL_NVIC_SetPriorityGrouping)
    i.HAL_RCCEx_GetPeriphCLKFreq             0x0800131c   Section        0  stm32f4xx_hal_rcc_ex.o(i.HAL_RCCEx_GetPeriphCLKFreq)
    i.HAL_RCCEx_PeriphCLKConfig              0x08001378   Section        0  stm32f4xx_hal_rcc_ex.o(i.HAL_RCCEx_PeriphCLKConfig)
    i.HAL_RCC_ClockConfig                    0x080014b4   Section        0  stm32f4xx_hal_rcc.o(i.HAL_RCC_ClockConfig)
    i.HAL_RCC_GetHCLKFreq                    0x080015e4   Section        0  stm32f4xx_hal_rcc.o(i.HAL_RCC_GetHCLKFreq)
    i.HAL_RCC_GetPCLK1Freq                   0x080015f0   Section        0  stm32f4xx_hal_rcc.o(i.HAL_RCC_GetPCLK1Freq)
    i.HAL_RCC_GetSysClockFreq                0x08001610   Section        0  stm32f4xx_hal_rcc.o(i.HAL_RCC_GetSysClockFreq)
    i.HAL_RCC_OscConfig                      0x08001670   Section        0  stm32f4xx_hal_rcc.o(i.HAL_RCC_OscConfig)
    i.HAL_SPI_Init                           0x0800198c   Section        0  stm32f4xx_hal_spi.o(i.HAL_SPI_Init)
    i.HAL_SPI_MspInit                        0x08001a0c   Section        0  stm32f4xx_hal_msp.o(i.HAL_SPI_MspInit)
    i.HAL_SYSTICK_CLKSourceConfig            0x08001a54   Section        0  stm32f4xx_hal_cortex.o(i.HAL_SYSTICK_CLKSourceConfig)
    i.HAL_SYSTICK_Callback                   0x08001a6c   Section        0  stm32f4xx_hal_cortex.o(i.HAL_SYSTICK_Callback)
    i.HAL_SYSTICK_Config                     0x08001a6e   Section        0  stm32f4xx_hal_cortex.o(i.HAL_SYSTICK_Config)
    i.HAL_SYSTICK_IRQHandler                 0x08001a96   Section        0  stm32f4xx_hal_cortex.o(i.HAL_SYSTICK_IRQHandler)
    i.HAL_TIMEx_MasterConfigSynchronization  0x08001a9e   Section        0  stm32f4xx_hal_tim_ex.o(i.HAL_TIMEx_MasterConfigSynchronization)
    i.HAL_TIM_Base_Init                      0x08001aee   Section        0  stm32f4xx_hal_tim.o(i.HAL_TIM_Base_Init)
    i.HAL_TIM_Base_MspInit                   0x08001b24   Section        0  stm32f4xx_hal_msp.o(i.HAL_TIM_Base_MspInit)
    i.HAL_TIM_ConfigClockSource              0x08001b4c   Section        0  stm32f4xx_hal_tim.o(i.HAL_TIM_ConfigClockSource)
    i.HAL_TIM_MspPostInit                    0x08001c40   Section        0  stm32f4xx_hal_msp.o(i.HAL_TIM_MspPostInit)
    i.HAL_TIM_PWM_ConfigChannel              0x08001c70   Section        0  stm32f4xx_hal_tim.o(i.HAL_TIM_PWM_ConfigChannel)
    i.HAL_TIM_PWM_Init                       0x08001d40   Section        0  stm32f4xx_hal_tim.o(i.HAL_TIM_PWM_Init)
    i.HAL_TIM_PWM_MspInit                    0x08001d76   Section        0  stm32f4xx_hal_tim.o(i.HAL_TIM_PWM_MspInit)
    i.HCD_HC_IN_IRQHandler                   0x08001d78   Section        0  stm32f4xx_hal_hcd.o(i.HCD_HC_IN_IRQHandler)
    HCD_HC_IN_IRQHandler                     0x08001d79   Thumb Code   562  stm32f4xx_hal_hcd.o(i.HCD_HC_IN_IRQHandler)
    i.HCD_HC_OUT_IRQHandler                  0x08001faa   Section        0  stm32f4xx_hal_hcd.o(i.HCD_HC_OUT_IRQHandler)
    HCD_HC_OUT_IRQHandler                    0x08001fab   Thumb Code   534  stm32f4xx_hal_hcd.o(i.HCD_HC_OUT_IRQHandler)
    i.HCD_Port_IRQHandler                    0x080021c0   Section        0  stm32f4xx_hal_hcd.o(i.HCD_Port_IRQHandler)
    HCD_Port_IRQHandler                      0x080021c1   Thumb Code   172  stm32f4xx_hal_hcd.o(i.HCD_Port_IRQHandler)
    i.HCD_RXQLVL_IRQHandler                  0x0800226c   Section        0  stm32f4xx_hal_hcd.o(i.HCD_RXQLVL_IRQHandler)
    HCD_RXQLVL_IRQHandler                    0x0800226d   Thumb Code   108  stm32f4xx_hal_hcd.o(i.HCD_RXQLVL_IRQHandler)
    i.I2SEx_FullDuplexRx_IT                  0x080022dc   Section        0  stm32f4xx_hal_i2s_ex.o(i.I2SEx_FullDuplexRx_IT)
    I2SEx_FullDuplexRx_IT                    0x080022dd   Thumb Code   128  stm32f4xx_hal_i2s_ex.o(i.I2SEx_FullDuplexRx_IT)
    i.I2SEx_FullDuplexTx_IT                  0x08002364   Section        0  stm32f4xx_hal_i2s_ex.o(i.I2SEx_FullDuplexTx_IT)
    I2SEx_FullDuplexTx_IT                    0x08002365   Thumb Code   122  stm32f4xx_hal_i2s_ex.o(i.I2SEx_FullDuplexTx_IT)
    i.I2S_IRQHandler                         0x080023e8   Section        0  stm32f4xx_hal_i2s.o(i.I2S_IRQHandler)
    I2S_IRQHandler                           0x080023e9   Thumb Code   240  stm32f4xx_hal_i2s.o(i.I2S_IRQHandler)
    i.MX_ADC1_Init                           0x080024d8   Section        0  main.o(i.MX_ADC1_Init)
    MX_ADC1_Init                             0x080024d9   Thumb Code    70  main.o(i.MX_ADC1_Init)
    i.MX_DriverVbusFS                        0x0800252c   Section        0  usbh_platform.o(i.MX_DriverVbusFS)
    i.MX_GPIO_Init                           0x08002540   Section        0  main.o(i.MX_GPIO_Init)
    MX_GPIO_Init                             0x08002541   Thumb Code   380  main.o(i.MX_GPIO_Init)
    i.MX_I2C1_Init                           0x080026d8   Section        0  main.o(i.MX_I2C1_Init)
    MX_I2C1_Init                             0x080026d9   Thumb Code    44  main.o(i.MX_I2C1_Init)
    i.MX_I2S3_Init                           0x08002710   Section        0  main.o(i.MX_I2S3_Init)
    MX_I2S3_Init                             0x08002711   Thumb Code    42  main.o(i.MX_I2S3_Init)
    i.MX_SPI1_Init                           0x08002748   Section        0  main.o(i.MX_SPI1_Init)
    MX_SPI1_Init                             0x08002749   Thumb Code    54  main.o(i.MX_SPI1_Init)
    i.MX_TIM3_Init                           0x08002788   Section        0  main.o(i.MX_TIM3_Init)
    MX_TIM3_Init                             0x08002789   Thumb Code   106  main.o(i.MX_TIM3_Init)
    i.MX_USB_HOST_Init                       0x080027fc   Section        0  usb_host.o(i.MX_USB_HOST_Init)
    i.MX_USB_HOST_Process                    0x08002828   Section        0  usb_host.o(i.MX_USB_HOST_Process)
    i.NVIC_SetPriority                       0x08002834   Section        0  stm32f4xx_hal_cortex.o(i.NVIC_SetPriority)
    NVIC_SetPriority                         0x08002835   Thumb Code    32  stm32f4xx_hal_cortex.o(i.NVIC_SetPriority)
    i.OTG_FS_IRQHandler                      0x08002854   Section        0  stm32f4xx_it.o(i.OTG_FS_IRQHandler)
    i.SysTick_Handler                        0x08002860   Section        0  stm32f4xx_it.o(i.SysTick_Handler)
    i.SystemClock_Config                     0x08002870   Section        0  main.o(i.SystemClock_Config)
    i.SystemInit                             0x08002924   Section        0  system_stm32f4xx.o(i.SystemInit)
    i.TIM_Base_SetConfig                     0x08002978   Section        0  stm32f4xx_hal_tim.o(i.TIM_Base_SetConfig)
    i.TIM_ETR_SetConfig                      0x08002a38   Section        0  stm32f4xx_hal_tim.o(i.TIM_ETR_SetConfig)
    TIM_ETR_SetConfig                        0x08002a39   Thumb Code    20  stm32f4xx_hal_tim.o(i.TIM_ETR_SetConfig)
    i.TIM_ITRx_SetConfig                     0x08002a4c   Section        0  stm32f4xx_hal_tim.o(i.TIM_ITRx_SetConfig)
    TIM_ITRx_SetConfig                       0x08002a4d   Thumb Code    16  stm32f4xx_hal_tim.o(i.TIM_ITRx_SetConfig)
    i.TIM_OC1_SetConfig                      0x08002a5c   Section        0  stm32f4xx_hal_tim.o(i.TIM_OC1_SetConfig)
    TIM_OC1_SetConfig                        0x08002a5d   Thumb Code    80  stm32f4xx_hal_tim.o(i.TIM_OC1_SetConfig)
    i.TIM_OC2_SetConfig                      0x08002ab4   Section        0  stm32f4xx_hal_tim.o(i.TIM_OC2_SetConfig)
    i.TIM_OC3_SetConfig                      0x08002b18   Section        0  stm32f4xx_hal_tim.o(i.TIM_OC3_SetConfig)
    TIM_OC3_SetConfig                        0x08002b19   Thumb Code    88  stm32f4xx_hal_tim.o(i.TIM_OC3_SetConfig)
    i.TIM_OC4_SetConfig                      0x08002b78   Section        0  stm32f4xx_hal_tim.o(i.TIM_OC4_SetConfig)
    TIM_OC4_SetConfig                        0x08002b79   Thumb Code    70  stm32f4xx_hal_tim.o(i.TIM_OC4_SetConfig)
    i.TIM_TI1_ConfigInputStage               0x08002bc8   Section        0  stm32f4xx_hal_tim.o(i.TIM_TI1_ConfigInputStage)
    TIM_TI1_ConfigInputStage                 0x08002bc9   Thumb Code    34  stm32f4xx_hal_tim.o(i.TIM_TI1_ConfigInputStage)
    i.TIM_TI2_ConfigInputStage               0x08002bea   Section        0  stm32f4xx_hal_tim.o(i.TIM_TI2_ConfigInputStage)
    TIM_TI2_ConfigInputStage                 0x08002beb   Thumb Code    36  stm32f4xx_hal_tim.o(i.TIM_TI2_ConfigInputStage)
    i.USBH_AllocPipe                         0x08002c0e   Section        0  usbh_pipes.o(i.USBH_AllocPipe)
    i.USBH_BulkReceiveData                   0x08002c42   Section        0  usbh_ioreq.o(i.USBH_BulkReceiveData)
    i.USBH_BulkSendData                      0x08002c62   Section        0  usbh_ioreq.o(i.USBH_BulkSendData)
    i.USBH_CDC_ClassRequest                  0x08002c8a   Section        0  usbh_cdc.o(i.USBH_CDC_ClassRequest)
    USBH_CDC_ClassRequest                    0x08002c8b   Thumb Code    36  usbh_cdc.o(i.USBH_CDC_ClassRequest)
    i.USBH_CDC_InterfaceDeInit               0x08002cae   Section        0  usbh_cdc.o(i.USBH_CDC_InterfaceDeInit)
    USBH_CDC_InterfaceDeInit                 0x08002caf   Thumb Code    94  usbh_cdc.o(i.USBH_CDC_InterfaceDeInit)
    i.USBH_CDC_InterfaceInit                 0x08002d0c   Section        0  usbh_cdc.o(i.USBH_CDC_InterfaceInit)
    USBH_CDC_InterfaceInit                   0x08002d0d   Thumb Code   308  usbh_cdc.o(i.USBH_CDC_InterfaceInit)
    i.USBH_CDC_LineCodingChanged             0x08002e40   Section        0  usbh_cdc.o(i.USBH_CDC_LineCodingChanged)
    i.USBH_CDC_Process                       0x08002e42   Section        0  usbh_cdc.o(i.USBH_CDC_Process)
    USBH_CDC_Process                         0x08002e43   Thumb Code   184  usbh_cdc.o(i.USBH_CDC_Process)
    i.USBH_CDC_ReceiveCallback               0x08002efa   Section        0  usbh_cdc.o(i.USBH_CDC_ReceiveCallback)
    i.USBH_CDC_SOFProcess                    0x08002efc   Section        0  usbh_cdc.o(i.USBH_CDC_SOFProcess)
    USBH_CDC_SOFProcess                      0x08002efd   Thumb Code     4  usbh_cdc.o(i.USBH_CDC_SOFProcess)
    i.USBH_CDC_TransmitCallback              0x08002f00   Section        0  usbh_cdc.o(i.USBH_CDC_TransmitCallback)
    i.USBH_ClosePipe                         0x08002f02   Section        0  usbh_pipes.o(i.USBH_ClosePipe)
    i.USBH_ClrFeature                        0x08002f0c   Section        0  usbh_ctlreq.o(i.USBH_ClrFeature)
    i.USBH_CtlReceiveData                    0x08002f2a   Section        0  usbh_ioreq.o(i.USBH_CtlReceiveData)
    i.USBH_CtlReq                            0x08002f48   Section        0  usbh_ctlreq.o(i.USBH_CtlReq)
    i.USBH_CtlSendData                       0x08002f7e   Section        0  usbh_ioreq.o(i.USBH_CtlSendData)
    i.USBH_CtlSendSetup                      0x08002fa6   Section        0  usbh_ioreq.o(i.USBH_CtlSendSetup)
    i.USBH_Delay                             0x08002fc4   Section        0  usbh_conf.o(i.USBH_Delay)
    i.USBH_FindInterface                     0x08002fc8   Section        0  usbh_core.o(i.USBH_FindInterface)
    i.USBH_FreePipe                          0x0800300c   Section        0  usbh_pipes.o(i.USBH_FreePipe)
    i.USBH_GetDescriptor                     0x08003024   Section        0  usbh_ctlreq.o(i.USBH_GetDescriptor)
    i.USBH_GetNextDesc                       0x08003058   Section        0  usbh_ctlreq.o(i.USBH_GetNextDesc)
    i.USBH_Get_CfgDesc                       0x08003066   Section        0  usbh_ctlreq.o(i.USBH_Get_CfgDesc)
    i.USBH_Get_DevDesc                       0x08003092   Section        0  usbh_ctlreq.o(i.USBH_Get_DevDesc)
    i.USBH_Get_StringDesc                    0x0800312c   Section        0  usbh_ctlreq.o(i.USBH_Get_StringDesc)
    i.USBH_HandleControl                     0x08003174   Section        0  usbh_ctlreq.o(i.USBH_HandleControl)
    USBH_HandleControl                       0x08003175   Thumb Code   382  usbh_ctlreq.o(i.USBH_HandleControl)
    i.USBH_HandleEnum                        0x080032f2   Section        0  usbh_core.o(i.USBH_HandleEnum)
    USBH_HandleEnum                          0x080032f3   Thumb Code   242  usbh_core.o(i.USBH_HandleEnum)
    i.USBH_Init                              0x080033e4   Section        0  usbh_core.o(i.USBH_Init)
    i.USBH_LL_ClosePipe                      0x08003414   Section        0  usbh_conf.o(i.USBH_LL_ClosePipe)
    i.USBH_LL_Connect                        0x08003434   Section        0  usbh_core.o(i.USBH_LL_Connect)
    i.USBH_LL_Disconnect                     0x0800345c   Section        0  usbh_core.o(i.USBH_LL_Disconnect)
    i.USBH_LL_DriverVBUS                     0x08003494   Section        0  usbh_conf.o(i.USBH_LL_DriverVBUS)
    i.USBH_LL_GetLastXferSize                0x080034ae   Section        0  usbh_conf.o(i.USBH_LL_GetLastXferSize)
    i.USBH_LL_GetSpeed                       0x080034b6   Section        0  usbh_conf.o(i.USBH_LL_GetSpeed)
    i.USBH_LL_GetURBState                    0x080034d8   Section        0  usbh_conf.o(i.USBH_LL_GetURBState)
    i.USBH_LL_IncTimer                       0x080034e0   Section        0  usbh_core.o(i.USBH_LL_IncTimer)
    i.USBH_LL_Init                           0x08003500   Section        0  usbh_conf.o(i.USBH_LL_Init)
    i.USBH_LL_OpenPipe                       0x08003568   Section        0  usbh_conf.o(i.USBH_LL_OpenPipe)
    i.USBH_LL_ResetPort                      0x08003592   Section        0  usbh_conf.o(i.USBH_LL_ResetPort)
    i.USBH_LL_SetTimer                       0x080035b2   Section        0  usbh_core.o(i.USBH_LL_SetTimer)
    i.USBH_LL_SetToggle                      0x080035b8   Section        0  usbh_conf.o(i.USBH_LL_SetToggle)
    i.USBH_LL_Start                          0x080035d8   Section        0  usbh_conf.o(i.USBH_LL_Start)
    i.USBH_LL_Stop                           0x080035f8   Section        0  usbh_conf.o(i.USBH_LL_Stop)
    i.USBH_LL_SubmitURB                      0x08003618   Section        0  usbh_conf.o(i.USBH_LL_SubmitURB)
    i.USBH_OpenPipe                          0x08003648   Section        0  usbh_pipes.o(i.USBH_OpenPipe)
    i.USBH_ParseCfgDesc                      0x0800365c   Section        0  usbh_ctlreq.o(i.USBH_ParseCfgDesc)
    USBH_ParseCfgDesc                        0x0800365d   Thumb Code   232  usbh_ctlreq.o(i.USBH_ParseCfgDesc)
    i.USBH_Process                           0x08003744   Section        0  usbh_core.o(i.USBH_Process)
    i.USBH_RegisterClass                     0x080038ac   Section        0  usbh_core.o(i.USBH_RegisterClass)
    i.USBH_SelectInterface                   0x080038c8   Section        0  usbh_core.o(i.USBH_SelectInterface)
    i.USBH_SetAddress                        0x080038de   Section        0  usbh_ctlreq.o(i.USBH_SetAddress)
    i.USBH_SetCfg                            0x080038fa   Section        0  usbh_ctlreq.o(i.USBH_SetCfg)
    i.USBH_Start                             0x08003916   Section        0  usbh_core.o(i.USBH_Start)
    i.USBH_UserProcess                       0x0800392c   Section        0  usb_host.o(i.USBH_UserProcess)
    USBH_UserProcess                         0x0800392d   Thumb Code    28  usb_host.o(i.USBH_UserProcess)
    i.USB_CoreInit                           0x0800394c   Section        0  stm32f4xx_ll_usb.o(i.USB_CoreInit)
    i.USB_CoreReset                          0x080039b8   Section        0  stm32f4xx_ll_usb.o(i.USB_CoreReset)
    USB_CoreReset                            0x080039b9   Thumb Code    50  stm32f4xx_ll_usb.o(i.USB_CoreReset)
    i.USB_DisableGlobalInt                   0x080039f0   Section        0  stm32f4xx_ll_usb.o(i.USB_DisableGlobalInt)
    i.USB_DoPing                             0x080039fc   Section        0  stm32f4xx_ll_usb.o(i.USB_DoPing)
    i.USB_DriveVbus                          0x08003a3c   Section        0  stm32f4xx_ll_usb.o(i.USB_DriveVbus)
    i.USB_EnableGlobalInt                    0x08003a68   Section        0  stm32f4xx_ll_usb.o(i.USB_EnableGlobalInt)
    i.USB_FlushRxFifo                        0x08003a74   Section        0  stm32f4xx_ll_usb.o(i.USB_FlushRxFifo)
    i.USB_FlushTxFifo                        0x08003a94   Section        0  stm32f4xx_ll_usb.o(i.USB_FlushTxFifo)
    i.USB_GetCurrentFrame                    0x08003ab8   Section        0  stm32f4xx_ll_usb.o(i.USB_GetCurrentFrame)
    i.USB_GetHostSpeed                       0x08003ac0   Section        0  stm32f4xx_ll_usb.o(i.USB_GetHostSpeed)
    i.USB_GetMode                            0x08003ace   Section        0  stm32f4xx_ll_usb.o(i.USB_GetMode)
    i.USB_HC_Halt                            0x08003ad6   Section        0  stm32f4xx_ll_usb.o(i.USB_HC_Halt)
    i.USB_HC_Init                            0x08003c20   Section        0  stm32f4xx_ll_usb.o(i.USB_HC_Init)
    i.USB_HC_ReadInterrupt                   0x08003d0a   Section        0  stm32f4xx_ll_usb.o(i.USB_HC_ReadInterrupt)
    i.USB_HC_StartXfer                       0x08003d18   Section        0  stm32f4xx_ll_usb.o(i.USB_HC_StartXfer)
    i.USB_HostInit                           0x08003ea0   Section        0  stm32f4xx_ll_usb.o(i.USB_HostInit)
    i.USB_InitFSLSPClkSel                    0x08003f74   Section        0  stm32f4xx_ll_usb.o(i.USB_InitFSLSPClkSel)
    i.USB_ReadInterrupts                     0x08003faa   Section        0  stm32f4xx_ll_usb.o(i.USB_ReadInterrupts)
    i.USB_ReadPacket                         0x08003fb2   Section        0  stm32f4xx_ll_usb.o(i.USB_ReadPacket)
    i.USB_ResetPort                          0x08003fd2   Section        0  stm32f4xx_ll_usb.o(i.USB_ResetPort)
    i.USB_SetCurrentMode                     0x08003ffe   Section        0  stm32f4xx_ll_usb.o(i.USB_SetCurrentMode)
    i.USB_StopHost                           0x0800402a   Section        0  stm32f4xx_ll_usb.o(i.USB_StopHost)
    i.USB_WritePacket                        0x080040dc   Section        0  stm32f4xx_ll_usb.o(i.USB_WritePacket)
    i._Error_Handler                         0x08004104   Section        0  main.o(i._Error_Handler)
    i.__scatterload_copy                     0x08004106   Section       14  handlers.o(i.__scatterload_copy)
    i.__scatterload_null                     0x08004114   Section        2  handlers.o(i.__scatterload_null)
    i.__scatterload_zeroinit                 0x08004116   Section       14  handlers.o(i.__scatterload_zeroinit)
    i.free                                   0x08004124   Section        0  malloc.o(i.free)
    i.main                                   0x08004174   Section        0  main.o(i.main)
    i.malloc                                 0x080041a0   Section        0  malloc.o(i.malloc)
    .constdata                               0x0800420c   Section       16  system_stm32f4xx.o(.constdata)
    .constdata                               0x0800421c   Section        8  system_stm32f4xx.o(.constdata)
    .conststring                             0x08004224   Section        4  usbh_cdc.o(.conststring)
    .data                                    0x20000000   Section        4  system_stm32f4xx.o(.data)
    .data                                    0x20000004   Section       32  usbh_cdc.o(.data)
    .data                                    0x20000024   Section       12  stm32f4xx_hal.o(.data)
    .data                                    0x20000030   Section        1  usb_host.o(.data)
    .data                                    0x20000034   Section        4  mvars.o(.data)
    .data                                    0x20000038   Section        4  mvars.o(.data)
    .bss                                     0x2000003c   Section      664  usbh_conf.o(.bss)
    .bss                                     0x200002d4   Section      396  main.o(.bss)
    .bss                                     0x20000460   Section      968  usb_host.o(.bss)
    HEAP                                     0x20000828   Section      512  startup_stm32f407xx.o(HEAP)
    STACK                                    0x20000a28   Section     1024  startup_stm32f407xx.o(STACK)

    Global Symbols

    Symbol Name                              Value     Ov Type        Size  Object(Section)

    BuildAttributes$$THM_ISAv4$E$P$D$K$B$S$7EM$VFPi3$EXTD16$VFPS$VFMA$PE$A:L22UL41UL21$X:L11$S22US41US21$IEEE1$IW$USESV6$~STKCKD$USESV7$~SHL$OTIME$ROPI$IEEEJ$EBA8$MICROLIB$REQ8$PRES8$EABIv2 0x00000000   Number         0  anon$$obj.o ABSOLUTE
    __ARM_use_no_argv                        0x00000000   Number         0  main.o ABSOLUTE
    __cpp_initialize__aeabi_                  - Undefined Weak Reference
    __cxa_finalize                            - Undefined Weak Reference
    __decompress                              - Undefined Weak Reference
    _clock_init                               - Undefined Weak Reference
    _microlib_exit                            - Undefined Weak Reference
    __Vectors_Size                           0x00000188   Number         0  startup_stm32f407xx.o ABSOLUTE
    __Vectors                                0x08000000   Data           4  startup_stm32f407xx.o(RESET)
    __Vectors_End                            0x08000188   Data           0  startup_stm32f407xx.o(RESET)
    __main                                   0x08000189   Thumb Code     0  entry.o(.ARM.Collect$$$$00000000)
    _main_stk                                0x08000189   Thumb Code     0  entry2.o(.ARM.Collect$$$$00000001)
    _main_scatterload                        0x0800018d   Thumb Code     0  entry5.o(.ARM.Collect$$$$00000004)
    __main_after_scatterload                 0x08000191   Thumb Code     0  entry5.o(.ARM.Collect$$$$00000004)
    _main_clock                              0x08000191   Thumb Code     0  entry7b.o(.ARM.Collect$$$$00000008)
    _main_cpp_init                           0x08000191   Thumb Code     0  entry8b.o(.ARM.Collect$$$$0000000A)
    _main_init                               0x08000191   Thumb Code     0  entry9a.o(.ARM.Collect$$$$0000000B)
    __rt_final_cpp                           0x08000199   Thumb Code     0  entry10a.o(.ARM.Collect$$$$0000000D)
    __rt_final_exit                          0x08000199   Thumb Code     0  entry11a.o(.ARM.Collect$$$$0000000F)
    Reset_Handler                            0x0800019d   Thumb Code     8  startup_stm32f407xx.o(.text)
    NMI_Handler                              0x080001a5   Thumb Code     2  startup_stm32f407xx.o(.text)
    HardFault_Handler                        0x080001a7   Thumb Code     2  startup_stm32f407xx.o(.text)
    MemManage_Handler                        0x080001a9   Thumb Code     2  startup_stm32f407xx.o(.text)
    BusFault_Handler                         0x080001ab   Thumb Code     2  startup_stm32f407xx.o(.text)
    UsageFault_Handler                       0x080001ad   Thumb Code     2  startup_stm32f407xx.o(.text)
    SVC_Handler                              0x080001af   Thumb Code     2  startup_stm32f407xx.o(.text)
    DebugMon_Handler                         0x080001b1   Thumb Code     2  startup_stm32f407xx.o(.text)
    PendSV_Handler                           0x080001b3   Thumb Code     2  startup_stm32f407xx.o(.text)
    ADC_IRQHandler                           0x080001b7   Thumb Code     0  startup_stm32f407xx.o(.text)
    CAN1_RX0_IRQHandler                      0x080001b7   Thumb Code     0  startup_stm32f407xx.o(.text)
    CAN1_RX1_IRQHandler                      0x080001b7   Thumb Code     0  startup_stm32f407xx.o(.text)
    CAN1_SCE_IRQHandler                      0x080001b7   Thumb Code     0  startup_stm32f407xx.o(.text)
    CAN1_TX_IRQHandler                       0x080001b7   Thumb Code     0  startup_stm32f407xx.o(.text)
    CAN2_RX0_IRQHandler                      0x080001b7   Thumb Code     0  startup_stm32f407xx.o(.text)
    CAN2_RX1_IRQHandler                      0x080001b7   Thumb Code     0  startup_stm32f407xx.o(.text)
    CAN2_SCE_IRQHandler                      0x080001b7   Thumb Code     0  startup_stm32f407xx.o(.text)
    CAN2_TX_IRQHandler                       0x080001b7   Thumb Code     0  startup_stm32f407xx.o(.text)
    DCMI_IRQHandler                          0x080001b7   Thumb Code     0  startup_stm32f407xx.o(.text)
    DMA1_Stream0_IRQHandler                  0x080001b7   Thumb Code     0  startup_stm32f407xx.o(.text)
    DMA1_Stream1_IRQHandler                  0x080001b7   Thumb Code     0  startup_stm32f407xx.o(.text)
    DMA1_Stream2_IRQHandler                  0x080001b7   Thumb Code     0  startup_stm32f407xx.o(.text)
    DMA1_Stream3_IRQHandler                  0x080001b7   Thumb Code     0  startup_stm32f407xx.o(.text)
    DMA1_Stream4_IRQHandler                  0x080001b7   Thumb Code     0  startup_stm32f407xx.o(.text)
    DMA1_Stream5_IRQHandler                  0x080001b7   Thumb Code     0  startup_stm32f407xx.o(.text)
    DMA1_Stream6_IRQHandler                  0x080001b7   Thumb Code     0  startup_stm32f407xx.o(.text)
    DMA1_Stream7_IRQHandler                  0x080001b7   Thumb Code     0  startup_stm32f407xx.o(.text)
    DMA2_Stream0_IRQHandler                  0x080001b7   Thumb Code     0  startup_stm32f407xx.o(.text)
    DMA2_Stream1_IRQHandler                  0x080001b7   Thumb Code     0  startup_stm32f407xx.o(.text)
    DMA2_Stream2_IRQHandler                  0x080001b7   Thumb Code     0  startup_stm32f407xx.o(.text)
    DMA2_Stream3_IRQHandler                  0x080001b7   Thumb Code     0  startup_stm32f407xx.o(.text)
    DMA2_Stream4_IRQHandler                  0x080001b7   Thumb Code     0  startup_stm32f407xx.o(.text)
    DMA2_Stream5_IRQHandler                  0x080001b7   Thumb Code     0  startup_stm32f407xx.o(.text)
    DMA2_Stream6_IRQHandler                  0x080001b7   Thumb Code     0  startup_stm32f407xx.o(.text)
    DMA2_Stream7_IRQHandler                  0x080001b7   Thumb Code     0  startup_stm32f407xx.o(.text)
    ETH_IRQHandler                           0x080001b7   Thumb Code     0  startup_stm32f407xx.o(.text)
    ETH_WKUP_IRQHandler                      0x080001b7   Thumb Code     0  startup_stm32f407xx.o(.text)
    EXTI0_IRQHandler                         0x080001b7   Thumb Code     0  startup_stm32f407xx.o(.text)
    EXTI15_10_IRQHandler                     0x080001b7   Thumb Code     0  startup_stm32f407xx.o(.text)
    EXTI1_IRQHandler                         0x080001b7   Thumb Code     0  startup_stm32f407xx.o(.text)
    EXTI2_IRQHandler                         0x080001b7   Thumb Code     0  startup_stm32f407xx.o(.text)
    EXTI3_IRQHandler                         0x080001b7   Thumb Code     0  startup_stm32f407xx.o(.text)
    EXTI4_IRQHandler                         0x080001b7   Thumb Code     0  startup_stm32f407xx.o(.text)
    EXTI9_5_IRQHandler                       0x080001b7   Thumb Code     0  startup_stm32f407xx.o(.text)
    FLASH_IRQHandler                         0x080001b7   Thumb Code     0  startup_stm32f407xx.o(.text)
    FMC_IRQHandler                           0x080001b7   Thumb Code     0  startup_stm32f407xx.o(.text)
    FPU_IRQHandler                           0x080001b7   Thumb Code     0  startup_stm32f407xx.o(.text)
    HASH_RNG_IRQHandler                      0x080001b7   Thumb Code     0  startup_stm32f407xx.o(.text)
    I2C1_ER_IRQHandler                       0x080001b7   Thumb Code     0  startup_stm32f407xx.o(.text)
    I2C1_EV_IRQHandler                       0x080001b7   Thumb Code     0  startup_stm32f407xx.o(.text)
    I2C2_ER_IRQHandler                       0x080001b7   Thumb Code     0  startup_stm32f407xx.o(.text)
    I2C2_EV_IRQHandler                       0x080001b7   Thumb Code     0  startup_stm32f407xx.o(.text)
    I2C3_ER_IRQHandler                       0x080001b7   Thumb Code     0  startup_stm32f407xx.o(.text)
    I2C3_EV_IRQHandler                       0x080001b7   Thumb Code     0  startup_stm32f407xx.o(.text)
    OTG_FS_WKUP_IRQHandler                   0x080001b7   Thumb Code     0  startup_stm32f407xx.o(.text)
    OTG_HS_EP1_IN_IRQHandler                 0x080001b7   Thumb Code     0  startup_stm32f407xx.o(.text)
    OTG_HS_EP1_OUT_IRQHandler                0x080001b7   Thumb Code     0  startup_stm32f407xx.o(.text)
    OTG_HS_IRQHandler                        0x080001b7   Thumb Code     0  startup_stm32f407xx.o(.text)
    OTG_HS_WKUP_IRQHandler                   0x080001b7   Thumb Code     0  startup_stm32f407xx.o(.text)
    PVD_IRQHandler                           0x080001b7   Thumb Code     0  startup_stm32f407xx.o(.text)
    RCC_IRQHandler                           0x080001b7   Thumb Code     0  startup_stm32f407xx.o(.text)
    RTC_Alarm_IRQHandler                     0x080001b7   Thumb Code     0  startup_stm32f407xx.o(.text)
    RTC_WKUP_IRQHandler                      0x080001b7   Thumb Code     0  startup_stm32f407xx.o(.text)
    SDIO_IRQHandler                          0x080001b7   Thumb Code     0  startup_stm32f407xx.o(.text)
    SPI1_IRQHandler                          0x080001b7   Thumb Code     0  startup_stm32f407xx.o(.text)
    SPI2_IRQHandler                          0x080001b7   Thumb Code     0  startup_stm32f407xx.o(.text)
    SPI3_IRQHandler                          0x080001b7   Thumb Code     0  startup_stm32f407xx.o(.text)
    TAMP_STAMP_IRQHandler                    0x080001b7   Thumb Code     0  startup_stm32f407xx.o(.text)
    TIM1_BRK_TIM9_IRQHandler                 0x080001b7   Thumb Code     0  startup_stm32f407xx.o(.text)
    TIM1_CC_IRQHandler                       0x080001b7   Thumb Code     0  startup_stm32f407xx.o(.text)
    TIM1_TRG_COM_TIM11_IRQHandler            0x080001b7   Thumb Code     0  startup_stm32f407xx.o(.text)
    TIM1_UP_TIM10_IRQHandler                 0x080001b7   Thumb Code     0  startup_stm32f407xx.o(.text)
    TIM2_IRQHandler                          0x080001b7   Thumb Code     0  startup_stm32f407xx.o(.text)
    TIM3_IRQHandler                          0x080001b7   Thumb Code     0  startup_stm32f407xx.o(.text)
    TIM4_IRQHandler                          0x080001b7   Thumb Code     0  startup_stm32f407xx.o(.text)
    TIM5_IRQHandler                          0x080001b7   Thumb Code     0  startup_stm32f407xx.o(.text)
    TIM6_DAC_IRQHandler                      0x080001b7   Thumb Code     0  startup_stm32f407xx.o(.text)
    TIM7_IRQHandler                          0x080001b7   Thumb Code     0  startup_stm32f407xx.o(.text)
    TIM8_BRK_TIM12_IRQHandler                0x080001b7   Thumb Code     0  startup_stm32f407xx.o(.text)
    TIM8_CC_IRQHandler                       0x080001b7   Thumb Code     0  startup_stm32f407xx.o(.text)
    TIM8_TRG_COM_TIM14_IRQHandler            0x080001b7   Thumb Code     0  startup_stm32f407xx.o(.text)
    TIM8_UP_TIM13_IRQHandler                 0x080001b7   Thumb Code     0  startup_stm32f407xx.o(.text)
    UART4_IRQHandler                         0x080001b7   Thumb Code     0  startup_stm32f407xx.o(.text)
    UART5_IRQHandler                         0x080001b7   Thumb Code     0  startup_stm32f407xx.o(.text)
    USART1_IRQHandler                        0x080001b7   Thumb Code     0  startup_stm32f407xx.o(.text)
    USART2_IRQHandler                        0x080001b7   Thumb Code     0  startup_stm32f407xx.o(.text)
    USART3_IRQHandler                        0x080001b7   Thumb Code     0  startup_stm32f407xx.o(.text)
    USART6_IRQHandler                        0x080001b7   Thumb Code     0  startup_stm32f407xx.o(.text)
    WWDG_IRQHandler                          0x080001b7   Thumb Code     0  startup_stm32f407xx.o(.text)
    __aeabi_uldivmod                         0x080001c1   Thumb Code    98  uldiv.o(.text)
    __aeabi_memcpy                           0x08000223   Thumb Code    36  memcpya.o(.text)
    __aeabi_memcpy4                          0x08000223   Thumb Code     0  memcpya.o(.text)
    __aeabi_memcpy8                          0x08000223   Thumb Code     0  memcpya.o(.text)
    __aeabi_llsl                             0x08000247   Thumb Code    30  llshl.o(.text)
    _ll_shift_l                              0x08000247   Thumb Code     0  llshl.o(.text)
    __aeabi_llsr                             0x08000265   Thumb Code    32  llushr.o(.text)
    _ll_ushift_r                             0x08000265   Thumb Code     0  llushr.o(.text)
    __scatterload                            0x08000285   Thumb Code    28  init.o(.text)
    __scatterload_rt2                        0x08000285   Thumb Code     0  init.o(.text)
    HAL_ADC_ConfigChannel                    0x08000509   Thumb Code   316  stm32f4xx_hal_adc.o(i.HAL_ADC_ConfigChannel)
    HAL_ADC_Init                             0x08000655   Thumb Code    84  stm32f4xx_hal_adc.o(i.HAL_ADC_Init)
    HAL_ADC_MspInit                          0x080006a9   Thumb Code    54  stm32f4xx_hal_msp.o(i.HAL_ADC_MspInit)
    HAL_Delay                                0x080006ed   Thumb Code    32  stm32f4xx_hal.o(i.HAL_Delay)
    HAL_GPIO_Init                            0x08000711   Thumb Code   388  stm32f4xx_hal_gpio.o(i.HAL_GPIO_Init)
    HAL_GPIO_WritePin                        0x080008c1   Thumb Code    10  stm32f4xx_hal_gpio.o(i.HAL_GPIO_WritePin)
    HAL_GetTick                              0x080008cd   Thumb Code     6  stm32f4xx_hal.o(i.HAL_GetTick)
    HAL_HCD_Connect_Callback                 0x080008d9   Thumb Code     8  usbh_conf.o(i.HAL_HCD_Connect_Callback)
    HAL_HCD_Disconnect_Callback              0x080008e1   Thumb Code     8  usbh_conf.o(i.HAL_HCD_Disconnect_Callback)
    HAL_HCD_GetCurrentFrame                  0x080008e9   Thumb Code     6  stm32f4xx_hal_hcd.o(i.HAL_HCD_GetCurrentFrame)
    HAL_HCD_GetCurrentSpeed                  0x080008ef   Thumb Code     6  stm32f4xx_hal_hcd.o(i.HAL_HCD_GetCurrentSpeed)
    HAL_HCD_HC_GetURBState                   0x080008f5   Thumb Code    14  stm32f4xx_hal_hcd.o(i.HAL_HCD_HC_GetURBState)
    HAL_HCD_HC_GetXferCount                  0x08000903   Thumb Code    12  stm32f4xx_hal_hcd.o(i.HAL_HCD_HC_GetXferCount)
    HAL_HCD_HC_Halt                          0x0800090f   Thumb Code    36  stm32f4xx_hal_hcd.o(i.HAL_HCD_HC_Halt)
    HAL_HCD_HC_Init                          0x08000933   Thumb Code    84  stm32f4xx_hal_hcd.o(i.HAL_HCD_HC_Init)
    HAL_HCD_HC_NotifyURBChange_Callback      0x08000987   Thumb Code     2  usbh_conf.o(i.HAL_HCD_HC_NotifyURBChange_Callback)
    HAL_HCD_HC_SubmitRequest                 0x08000989   Thumb Code   182  stm32f4xx_hal_hcd.o(i.HAL_HCD_HC_SubmitRequest)
    HAL_HCD_IRQHandler                       0x08000a41   Thumb Code   302  stm32f4xx_hal_hcd.o(i.HAL_HCD_IRQHandler)
    HAL_HCD_Init                             0x08000b6f   Thumb Code    90  stm32f4xx_hal_hcd.o(i.HAL_HCD_Init)
    HAL_HCD_MspInit                          0x08000bc9   Thumb Code   110  usbh_conf.o(i.HAL_HCD_MspInit)
    HAL_HCD_ResetPort                        0x08000c41   Thumb Code     6  stm32f4xx_hal_hcd.o(i.HAL_HCD_ResetPort)
    HAL_HCD_SOF_Callback                     0x08000c47   Thumb Code     8  usbh_conf.o(i.HAL_HCD_SOF_Callback)
    HAL_HCD_Start                            0x08000c4f   Thumb Code    44  stm32f4xx_hal_hcd.o(i.HAL_HCD_Start)
    HAL_HCD_Stop                             0x08000c7b   Thumb Code    36  stm32f4xx_hal_hcd.o(i.HAL_HCD_Stop)
    HAL_I2C_Init                             0x08000ca1   Thumb Code   254  stm32f4xx_hal_i2c.o(i.HAL_I2C_Init)
    HAL_I2C_MspInit                          0x08000da9   Thumb Code    64  stm32f4xx_hal_msp.o(i.HAL_I2C_MspInit)
    HAL_I2SEx_FullDuplex_IRQHandler          0x08000df5   Thumb Code   476  stm32f4xx_hal_i2s_ex.o(i.HAL_I2SEx_FullDuplex_IRQHandler)
    HAL_I2SEx_TxRxCpltCallback               0x08000fd9   Thumb Code     2  stm32f4xx_hal_i2s_ex.o(i.HAL_I2SEx_TxRxCpltCallback)
    HAL_I2S_ErrorCallback                    0x08000fdb   Thumb Code     2  stm32f4xx_hal_i2s.o(i.HAL_I2S_ErrorCallback)
    HAL_I2S_Init                             0x08000fdd   Thumb Code   366  stm32f4xx_hal_i2s.o(i.HAL_I2S_Init)
    HAL_I2S_MspInit                          0x0800115d   Thumb Code    82  stm32f4xx_hal_msp.o(i.HAL_I2S_MspInit)
    HAL_I2S_RxCpltCallback                   0x080011c1   Thumb Code     2  stm32f4xx_hal_i2s.o(i.HAL_I2S_RxCpltCallback)
    HAL_I2S_TxCpltCallback                   0x080011c3   Thumb Code     2  stm32f4xx_hal_i2s.o(i.HAL_I2S_TxCpltCallback)
    HAL_IncTick                              0x080011c5   Thumb Code    12  stm32f4xx_hal.o(i.HAL_IncTick)
    HAL_Init                                 0x080011d5   Thumb Code    48  stm32f4xx_hal.o(i.HAL_Init)
    HAL_InitTick                             0x08001209   Thumb Code    54  stm32f4xx_hal.o(i.HAL_InitTick)
    HAL_MspInit                              0x08001249   Thumb Code    88  stm32f4xx_hal_msp.o(i.HAL_MspInit)
    HAL_NVIC_EnableIRQ                       0x080012a1   Thumb Code    22  stm32f4xx_hal_cortex.o(i.HAL_NVIC_EnableIRQ)
    HAL_NVIC_SetPriority                     0x080012b9   Thumb Code    60  stm32f4xx_hal_cortex.o(i.HAL_NVIC_SetPriority)
    HAL_NVIC_SetPriorityGrouping             0x080012f9   Thumb Code    26  stm32f4xx_hal_cortex.o(i.HAL_NVIC_SetPriorityGrouping)
    HAL_RCCEx_GetPeriphCLKFreq               0x0800131d   Thumb Code    76  stm32f4xx_hal_rcc_ex.o(i.HAL_RCCEx_GetPeriphCLKFreq)
    HAL_RCCEx_PeriphCLKConfig                0x08001379   Thumb Code   296  stm32f4xx_hal_rcc_ex.o(i.HAL_RCCEx_PeriphCLKConfig)
    HAL_RCC_ClockConfig                      0x080014b5   Thumb Code   286  stm32f4xx_hal_rcc.o(i.HAL_RCC_ClockConfig)
    HAL_RCC_GetHCLKFreq                      0x080015e5   Thumb Code     6  stm32f4xx_hal_rcc.o(i.HAL_RCC_GetHCLKFreq)
    HAL_RCC_GetPCLK1Freq                     0x080015f1   Thumb Code    20  stm32f4xx_hal_rcc.o(i.HAL_RCC_GetPCLK1Freq)
    HAL_RCC_GetSysClockFreq                  0x08001611   Thumb Code    88  stm32f4xx_hal_rcc.o(i.HAL_RCC_GetSysClockFreq)
    HAL_RCC_OscConfig                        0x08001671   Thumb Code   770  stm32f4xx_hal_rcc.o(i.HAL_RCC_OscConfig)
    HAL_SPI_Init                             0x0800198d   Thumb Code   128  stm32f4xx_hal_spi.o(i.HAL_SPI_Init)
    HAL_SPI_MspInit                          0x08001a0d   Thumb Code    60  stm32f4xx_hal_msp.o(i.HAL_SPI_MspInit)
    HAL_SYSTICK_CLKSourceConfig              0x08001a55   Thumb Code    24  stm32f4xx_hal_cortex.o(i.HAL_SYSTICK_CLKSourceConfig)
    HAL_SYSTICK_Callback                     0x08001a6d   Thumb Code     2  stm32f4xx_hal_cortex.o(i.HAL_SYSTICK_Callback)
    HAL_SYSTICK_Config                       0x08001a6f   Thumb Code    40  stm32f4xx_hal_cortex.o(i.HAL_SYSTICK_Config)
    HAL_SYSTICK_IRQHandler                   0x08001a97   Thumb Code     8  stm32f4xx_hal_cortex.o(i.HAL_SYSTICK_IRQHandler)
    HAL_TIMEx_MasterConfigSynchronization    0x08001a9f   Thumb Code    80  stm32f4xx_hal_tim_ex.o(i.HAL_TIMEx_MasterConfigSynchronization)
    HAL_TIM_Base_Init                        0x08001aef   Thumb Code    54  stm32f4xx_hal_tim.o(i.HAL_TIM_Base_Init)
    HAL_TIM_Base_MspInit                     0x08001b25   Thumb Code    30  stm32f4xx_hal_msp.o(i.HAL_TIM_Base_MspInit)
    HAL_TIM_ConfigClockSource                0x08001b4d   Thumb Code   242  stm32f4xx_hal_tim.o(i.HAL_TIM_ConfigClockSource)
    HAL_TIM_MspPostInit                      0x08001c41   Thumb Code    40  stm32f4xx_hal_msp.o(i.HAL_TIM_MspPostInit)
    HAL_TIM_PWM_ConfigChannel                0x08001c71   Thumb Code   208  stm32f4xx_hal_tim.o(i.HAL_TIM_PWM_ConfigChannel)
    HAL_TIM_PWM_Init                         0x08001d41   Thumb Code    54  stm32f4xx_hal_tim.o(i.HAL_TIM_PWM_Init)
    HAL_TIM_PWM_MspInit                      0x08001d77   Thumb Code     2  stm32f4xx_hal_tim.o(i.HAL_TIM_PWM_MspInit)
    MX_DriverVbusFS                          0x0800252d   Thumb Code    16  usbh_platform.o(i.MX_DriverVbusFS)
    MX_USB_HOST_Init                         0x080027fd   Thumb Code    30  usb_host.o(i.MX_USB_HOST_Init)
    MX_USB_HOST_Process                      0x08002829   Thumb Code     6  usb_host.o(i.MX_USB_HOST_Process)
    OTG_FS_IRQHandler                        0x08002855   Thumb Code     6  stm32f4xx_it.o(i.OTG_FS_IRQHandler)
    SysTick_Handler                          0x08002861   Thumb Code    14  stm32f4xx_it.o(i.SysTick_Handler)
    SystemClock_Config                       0x08002871   Thumb Code   170  main.o(i.SystemClock_Config)
    SystemInit                               0x08002925   Thumb Code    66  system_stm32f4xx.o(i.SystemInit)
    TIM_Base_SetConfig                       0x08002979   Thumb Code   148  stm32f4xx_hal_tim.o(i.TIM_Base_SetConfig)
    TIM_OC2_SetConfig                        0x08002ab5   Thumb Code    90  stm32f4xx_hal_tim.o(i.TIM_OC2_SetConfig)
    USBH_AllocPipe                           0x08002c0f   Thumb Code    52  usbh_pipes.o(i.USBH_AllocPipe)
    USBH_BulkReceiveData                     0x08002c43   Thumb Code    32  usbh_ioreq.o(i.USBH_BulkReceiveData)
    USBH_BulkSendData                        0x08002c63   Thumb Code    40  usbh_ioreq.o(i.USBH_BulkSendData)
    USBH_CDC_LineCodingChanged               0x08002e41   Thumb Code     2  usbh_cdc.o(i.USBH_CDC_LineCodingChanged)
    USBH_CDC_ReceiveCallback                 0x08002efb   Thumb Code     2  usbh_cdc.o(i.USBH_CDC_ReceiveCallback)
    USBH_CDC_TransmitCallback                0x08002f01   Thumb Code     2  usbh_cdc.o(i.USBH_CDC_TransmitCallback)
    USBH_ClosePipe                           0x08002f03   Thumb Code    10  usbh_pipes.o(i.USBH_ClosePipe)
    USBH_ClrFeature                          0x08002f0d   Thumb Code    30  usbh_ctlreq.o(i.USBH_ClrFeature)
    USBH_CtlReceiveData                      0x08002f2b   Thumb Code    30  usbh_ioreq.o(i.USBH_CtlReceiveData)
    USBH_CtlReq                              0x08002f49   Thumb Code    54  usbh_ctlreq.o(i.USBH_CtlReq)
    USBH_CtlSendData                         0x08002f7f   Thumb Code    40  usbh_ioreq.o(i.USBH_CtlSendData)
    USBH_CtlSendSetup                        0x08002fa7   Thumb Code    30  usbh_ioreq.o(i.USBH_CtlSendSetup)
    USBH_Delay                               0x08002fc5   Thumb Code     4  usbh_conf.o(i.USBH_Delay)
    USBH_FindInterface                       0x08002fc9   Thumb Code    68  usbh_core.o(i.USBH_FindInterface)
    USBH_FreePipe                            0x0800300d   Thumb Code    24  usbh_pipes.o(i.USBH_FreePipe)
    USBH_GetDescriptor                       0x08003025   Thumb Code    52  usbh_ctlreq.o(i.USBH_GetDescriptor)
    USBH_GetNextDesc                         0x08003059   Thumb Code    14  usbh_ctlreq.o(i.USBH_GetNextDesc)
    USBH_Get_CfgDesc                         0x08003067   Thumb Code    44  usbh_ctlreq.o(i.USBH_Get_CfgDesc)
    USBH_Get_DevDesc                         0x08003093   Thumb Code   154  usbh_ctlreq.o(i.USBH_Get_DevDesc)
    USBH_Get_StringDesc                      0x0800312d   Thumb Code    72  usbh_ctlreq.o(i.USBH_Get_StringDesc)
    USBH_Init                                0x080033e5   Thumb Code    48  usbh_core.o(i.USBH_Init)
    USBH_LL_ClosePipe                        0x08003415   Thumb Code    32  usbh_conf.o(i.USBH_LL_ClosePipe)
    USBH_LL_Connect                          0x08003435   Thumb Code    40  usbh_core.o(i.USBH_LL_Connect)
    USBH_LL_Disconnect                       0x0800345d   Thumb Code    56  usbh_core.o(i.USBH_LL_Disconnect)
    USBH_LL_DriverVBUS                       0x08003495   Thumb Code    26  usbh_conf.o(i.USBH_LL_DriverVBUS)
    USBH_LL_GetLastXferSize                  0x080034af   Thumb Code     8  usbh_conf.o(i.USBH_LL_GetLastXferSize)
    USBH_LL_GetSpeed                         0x080034b7   Thumb Code    34  usbh_conf.o(i.USBH_LL_GetSpeed)
    USBH_LL_GetURBState                      0x080034d9   Thumb Code     8  usbh_conf.o(i.USBH_LL_GetURBState)
    USBH_LL_IncTimer                         0x080034e1   Thumb Code    30  usbh_core.o(i.USBH_LL_IncTimer)
    USBH_LL_Init                             0x08003501   Thumb Code    78  usbh_conf.o(i.USBH_LL_Init)
    USBH_LL_OpenPipe                         0x08003569   Thumb Code    42  usbh_conf.o(i.USBH_LL_OpenPipe)
    USBH_LL_ResetPort                        0x08003593   Thumb Code    32  usbh_conf.o(i.USBH_LL_ResetPort)
    USBH_LL_SetTimer                         0x080035b3   Thumb Code     6  usbh_core.o(i.USBH_LL_SetTimer)
    USBH_LL_SetToggle                        0x080035b9   Thumb Code    32  usbh_conf.o(i.USBH_LL_SetToggle)
    USBH_LL_Start                            0x080035d9   Thumb Code    32  usbh_conf.o(i.USBH_LL_Start)
    USBH_LL_Stop                             0x080035f9   Thumb Code    32  usbh_conf.o(i.USBH_LL_Stop)
    USBH_LL_SubmitURB                        0x08003619   Thumb Code    48  usbh_conf.o(i.USBH_LL_SubmitURB)
    USBH_OpenPipe                            0x08003649   Thumb Code    20  usbh_pipes.o(i.USBH_OpenPipe)
    USBH_Process                             0x08003745   Thumb Code   360  usbh_core.o(i.USBH_Process)
    USBH_RegisterClass                       0x080038ad   Thumb Code    28  usbh_core.o(i.USBH_RegisterClass)
    USBH_SelectInterface                     0x080038c9   Thumb Code    22  usbh_core.o(i.USBH_SelectInterface)
    USBH_SetAddress                          0x080038df   Thumb Code    28  usbh_ctlreq.o(i.USBH_SetAddress)
    USBH_SetCfg                              0x080038fb   Thumb Code    28  usbh_ctlreq.o(i.USBH_SetCfg)
    USBH_Start                               0x08003917   Thumb Code    20  usbh_core.o(i.USBH_Start)
    USB_CoreInit                             0x0800394d   Thumb Code   104  stm32f4xx_ll_usb.o(i.USB_CoreInit)
    USB_DisableGlobalInt                     0x080039f1   Thumb Code    12  stm32f4xx_ll_usb.o(i.USB_DisableGlobalInt)
    USB_DoPing                               0x080039fd   Thumb Code    60  stm32f4xx_ll_usb.o(i.USB_DoPing)
    USB_DriveVbus                            0x08003a3d   Thumb Code    44  stm32f4xx_ll_usb.o(i.USB_DriveVbus)
    USB_EnableGlobalInt                      0x08003a69   Thumb Code    12  stm32f4xx_ll_usb.o(i.USB_EnableGlobalInt)
    USB_FlushRxFifo                          0x08003a75   Thumb Code    28  stm32f4xx_ll_usb.o(i.USB_FlushRxFifo)
    USB_FlushTxFifo                          0x08003a95   Thumb Code    32  stm32f4xx_ll_usb.o(i.USB_FlushTxFifo)
    USB_GetCurrentFrame                      0x08003ab9   Thumb Code     8  stm32f4xx_ll_usb.o(i.USB_GetCurrentFrame)
    USB_GetHostSpeed                         0x08003ac1   Thumb Code    14  stm32f4xx_ll_usb.o(i.USB_GetHostSpeed)
    USB_GetMode                              0x08003acf   Thumb Code     8  stm32f4xx_ll_usb.o(i.USB_GetMode)
    USB_HC_Halt                              0x08003ad7   Thumb Code   328  stm32f4xx_ll_usb.o(i.USB_HC_Halt)
    USB_HC_Init                              0x08003c21   Thumb Code   234  stm32f4xx_ll_usb.o(i.USB_HC_Init)
    USB_HC_ReadInterrupt                     0x08003d0b   Thumb Code    12  stm32f4xx_ll_usb.o(i.USB_HC_ReadInterrupt)
    USB_HC_StartXfer                         0x08003d19   Thumb Code   386  stm32f4xx_ll_usb.o(i.USB_HC_StartXfer)
    USB_HostInit                             0x08003ea1   Thumb Code   192  stm32f4xx_ll_usb.o(i.USB_HostInit)
    USB_InitFSLSPClkSel                      0x08003f75   Thumb Code    54  stm32f4xx_ll_usb.o(i.USB_InitFSLSPClkSel)
    USB_ReadInterrupts                       0x08003fab   Thumb Code     8  stm32f4xx_ll_usb.o(i.USB_ReadInterrupts)
    USB_ReadPacket                           0x08003fb3   Thumb Code    32  stm32f4xx_ll_usb.o(i.USB_ReadPacket)
    USB_ResetPort                            0x08003fd3   Thumb Code    44  stm32f4xx_ll_usb.o(i.USB_ResetPort)
    USB_SetCurrentMode                       0x08003fff   Thumb Code    44  stm32f4xx_ll_usb.o(i.USB_SetCurrentMode)
    USB_StopHost                             0x0800402b   Thumb Code   178  stm32f4xx_ll_usb.o(i.USB_StopHost)
    USB_WritePacket                          0x080040dd   Thumb Code    40  stm32f4xx_ll_usb.o(i.USB_WritePacket)
    _Error_Handler                           0x08004105   Thumb Code     2  main.o(i._Error_Handler)
    __scatterload_copy                       0x08004107   Thumb Code    14  handlers.o(i.__scatterload_copy)
    __scatterload_null                       0x08004115   Thumb Code     2  handlers.o(i.__scatterload_null)
    __scatterload_zeroinit                   0x08004117   Thumb Code    14  handlers.o(i.__scatterload_zeroinit)
    free                                     0x08004125   Thumb Code    76  malloc.o(i.free)
    main                                     0x08004175   Thumb Code    42  main.o(i.main)
    malloc                                   0x080041a1   Thumb Code    92  malloc.o(i.malloc)
    AHBPrescTable                            0x0800420c   Data          16  system_stm32f4xx.o(.constdata)
    APBPrescTable                            0x0800421c   Data           8  system_stm32f4xx.o(.constdata)
    Region$$Table$$Base                      0x08004228   Number         0  anon$$obj.o(Region$$Table)
    Region$$Table$$Limit                     0x08004248   Number         0  anon$$obj.o(Region$$Table)
    SystemCoreClock                          0x20000000   Data           4  system_stm32f4xx.o(.data)
    CDC_Class                                0x20000004   Data          32  usbh_cdc.o(.data)
    uwTickFreq                               0x20000024   Data           1  stm32f4xx_hal.o(.data)
    uwTickPrio                               0x20000028   Data           4  stm32f4xx_hal.o(.data)
    uwTick                                   0x2000002c   Data           4  stm32f4xx_hal.o(.data)
    Appli_state                              0x20000030   Data           1  usb_host.o(.data)
    __microlib_freelist                      0x20000034   Data           4  mvars.o(.data)
    __microlib_freelist_initialised          0x20000038   Data           4  mvars.o(.data)
    hhcd_USB_OTG_FS                          0x2000003c   Data         664  usbh_conf.o(.bss)
    filterMemory                             0x200002d4   Data          20  main.o(.bss)
    hadc1                                    0x200002e8   Data          72  main.o(.bss)
    hi2c1                                    0x20000330   Data          84  main.o(.bss)
    hi2s3                                    0x20000384   Data          72  main.o(.bss)
    hspi1                                    0x200003cc   Data          88  main.o(.bss)
    htim3                                    0x20000424   Data          60  main.o(.bss)
    hUsbHostFS                               0x20000460   Data         968  usb_host.o(.bss)
    __heap_base                              0x20000828   Data           0  startup_stm32f407xx.o(HEAP)
    __heap_limit                             0x20000a28   Data           0  startup_stm32f407xx.o(HEAP)
    __initial_sp                             0x20000e28   Data           0  startup_stm32f407xx.o(STACK)



==============================================================================

Memory Map of the image

  Image Entry point : 0x08000189

  Load Region LR_IROM1 (Base: 0x08000000, Size: 0x00004284, Max: 0x00100000, ABSOLUTE)

    Execution Region ER_IROM1 (Exec base: 0x08000000, Load base: 0x08000000, Size: 0x00004248, Max: 0x00100000, ABSOLUTE)

    Exec Addr    Load Addr    Size         Type   Attr      Idx    E Section Name        Object

    0x08000000   0x08000000   0x00000188   Data   RO            3    RESET               startup_stm32f407xx.o
    0x08000188   0x08000188   0x00000000   Code   RO         4728  * .ARM.Collect$$$$00000000  mc_w.l(entry.o)
    0x08000188   0x08000188   0x00000004   Code   RO         4769    .ARM.Collect$$$$00000001  mc_w.l(entry2.o)
    0x0800018c   0x0800018c   0x00000004   Code   RO         4772    .ARM.Collect$$$$00000004  mc_w.l(entry5.o)
    0x08000190   0x08000190   0x00000000   Code   RO         4774    .ARM.Collect$$$$00000008  mc_w.l(entry7b.o)
    0x08000190   0x08000190   0x00000000   Code   RO         4776    .ARM.Collect$$$$0000000A  mc_w.l(entry8b.o)
    0x08000190   0x08000190   0x00000008   Code   RO         4777    .ARM.Collect$$$$0000000B  mc_w.l(entry9a.o)
    0x08000198   0x08000198   0x00000000   Code   RO         4779    .ARM.Collect$$$$0000000D  mc_w.l(entry10a.o)
    0x08000198   0x08000198   0x00000000   Code   RO         4781    .ARM.Collect$$$$0000000F  mc_w.l(entry11a.o)
    0x08000198   0x08000198   0x00000004   Code   RO         4770    .ARM.Collect$$$$00002712  mc_w.l(entry2.o)
    0x0800019c   0x0800019c   0x00000024   Code   RO            4    .text               startup_stm32f407xx.o
    0x080001c0   0x080001c0   0x00000062   Code   RO         4731    .text               mc_w.l(uldiv.o)
    0x08000222   0x08000222   0x00000024   Code   RO         4733    .text               mc_w.l(memcpya.o)
    0x08000246   0x08000246   0x0000001e   Code   RO         4783    .text               mc_w.l(llshl.o)
    0x08000264   0x08000264   0x00000020   Code   RO         4785    .text               mc_w.l(llushr.o)
    0x08000284   0x08000284   0x00000024   Code   RO         4803    .text               mc_w.l(init.o)
    0x080002a8   0x080002a8   0x00000124   Code   RO         3993    i.ADC_Init          stm32f4xx_hal_adc.o
    0x080003cc   0x080003cc   0x00000068   Code   RO          165    i.CDC_ProcessReception  usbh_cdc.o
    0x08000434   0x08000434   0x00000072   Code   RO          166    i.CDC_ProcessTransmission  usbh_cdc.o
    0x080004a6   0x080004a6   0x00000002   PAD
    0x080004a8   0x080004a8   0x00000048   Code   RO          401    i.DeInitStateMachine  usbh_core.o
    0x080004f0   0x080004f0   0x00000016   Code   RO          167    i.GetLineCoding     usbh_cdc.o
    0x08000506   0x08000506   0x00000002   PAD
    0x08000508   0x08000508   0x0000014c   Code   RO         3995    i.HAL_ADC_ConfigChannel  stm32f4xx_hal_adc.o
    0x08000654   0x08000654   0x00000054   Code   RO         4004    i.HAL_ADC_Init      stm32f4xx_hal_adc.o
    0x080006a8   0x080006a8   0x00000044   Code   RO         4453    i.HAL_ADC_MspInit   stm32f4xx_hal_msp.o
    0x080006ec   0x080006ec   0x00000024   Code   RO         2521    i.HAL_Delay         stm32f4xx_hal.o
    0x08000710   0x08000710   0x000001b0   Code   RO         2794    i.HAL_GPIO_Init     stm32f4xx_hal_gpio.o
    0x080008c0   0x080008c0   0x0000000a   Code   RO         2798    i.HAL_GPIO_WritePin  stm32f4xx_hal_gpio.o
    0x080008ca   0x080008ca   0x00000002   PAD
    0x080008cc   0x080008cc   0x0000000c   Code   RO         2527    i.HAL_GetTick       stm32f4xx_hal.o
    0x080008d8   0x080008d8   0x00000008   Code   RO         4265    i.HAL_HCD_Connect_Callback  usbh_conf.o
    0x080008e0   0x080008e0   0x00000008   Code   RO         4266    i.HAL_HCD_Disconnect_Callback  usbh_conf.o
    0x080008e8   0x080008e8   0x00000006   Code   RO          635    i.HAL_HCD_GetCurrentFrame  stm32f4xx_hal_hcd.o
    0x080008ee   0x080008ee   0x00000006   Code   RO          636    i.HAL_HCD_GetCurrentSpeed  stm32f4xx_hal_hcd.o
    0x080008f4   0x080008f4   0x0000000e   Code   RO          639    i.HAL_HCD_HC_GetURBState  stm32f4xx_hal_hcd.o
    0x08000902   0x08000902   0x0000000c   Code   RO          640    i.HAL_HCD_HC_GetXferCount  stm32f4xx_hal_hcd.o
    0x0800090e   0x0800090e   0x00000024   Code   RO          641    i.HAL_HCD_HC_Halt   stm32f4xx_hal_hcd.o
    0x08000932   0x08000932   0x00000054   Code   RO          642    i.HAL_HCD_HC_Init   stm32f4xx_hal_hcd.o
    0x08000986   0x08000986   0x00000002   Code   RO         4267    i.HAL_HCD_HC_NotifyURBChange_Callback  usbh_conf.o
    0x08000988   0x08000988   0x000000b6   Code   RO          644    i.HAL_HCD_HC_SubmitRequest  stm32f4xx_hal_hcd.o
    0x08000a3e   0x08000a3e   0x00000002   PAD
    0x08000a40   0x08000a40   0x0000012e   Code   RO          645    i.HAL_HCD_IRQHandler  stm32f4xx_hal_hcd.o
    0x08000b6e   0x08000b6e   0x0000005a   Code   RO          646    i.HAL_HCD_Init      stm32f4xx_hal_hcd.o
    0x08000bc8   0x08000bc8   0x00000078   Code   RO         4269    i.HAL_HCD_MspInit   usbh_conf.o
    0x08000c40   0x08000c40   0x00000006   Code   RO          649    i.HAL_HCD_ResetPort  stm32f4xx_hal_hcd.o
    0x08000c46   0x08000c46   0x00000008   Code   RO         4270    i.HAL_HCD_SOF_Callback  usbh_conf.o
    0x08000c4e   0x08000c4e   0x0000002c   Code   RO          651    i.HAL_HCD_Start     stm32f4xx_hal_hcd.o
    0x08000c7a   0x08000c7a   0x00000024   Code   RO          652    i.HAL_HCD_Stop      stm32f4xx_hal_hcd.o
    0x08000c9e   0x08000c9e   0x00000002   PAD
    0x08000ca0   0x08000ca0   0x00000108   Code   RO         2988    i.HAL_I2C_Init      stm32f4xx_hal_i2c.o
    0x08000da8   0x08000da8   0x0000004c   Code   RO         4455    i.HAL_I2C_MspInit   stm32f4xx_hal_msp.o
    0x08000df4   0x08000df4   0x000001e4   Code   RO         3471    i.HAL_I2SEx_FullDuplex_IRQHandler  stm32f4xx_hal_i2s_ex.o
    0x08000fd8   0x08000fd8   0x00000002   Code   RO         3475    i.HAL_I2SEx_TxRxCpltCallback  stm32f4xx_hal_i2s_ex.o
    0x08000fda   0x08000fda   0x00000002   Code   RO         1228    i.HAL_I2S_ErrorCallback  stm32f4xx_hal_i2s.o
    0x08000fdc   0x08000fdc   0x00000180   Code   RO         1232    i.HAL_I2S_Init      stm32f4xx_hal_i2s.o
    0x0800115c   0x0800115c   0x00000064   Code   RO         4457    i.HAL_I2S_MspInit   stm32f4xx_hal_msp.o
    0x080011c0   0x080011c0   0x00000002   Code   RO         1238    i.HAL_I2S_RxCpltCallback  stm32f4xx_hal_i2s.o
    0x080011c2   0x080011c2   0x00000002   Code   RO         1243    i.HAL_I2S_TxCpltCallback  stm32f4xx_hal_i2s.o
    0x080011c4   0x080011c4   0x00000010   Code   RO         2531    i.HAL_IncTick       stm32f4xx_hal.o
    0x080011d4   0x080011d4   0x00000034   Code   RO         2532    i.HAL_Init          stm32f4xx_hal.o
    0x08001208   0x08001208   0x00000040   Code   RO         2533    i.HAL_InitTick      stm32f4xx_hal.o
    0x08001248   0x08001248   0x00000058   Code   RO         4458    i.HAL_MspInit       stm32f4xx_hal_msp.o
    0x080012a0   0x080012a0   0x00000016   Code   RO         1094    i.HAL_NVIC_EnableIRQ  stm32f4xx_hal_cortex.o
    0x080012b6   0x080012b6   0x00000002   PAD
    0x080012b8   0x080012b8   0x00000040   Code   RO         1100    i.HAL_NVIC_SetPriority  stm32f4xx_hal_cortex.o
    0x080012f8   0x080012f8   0x00000024   Code   RO         1101    i.HAL_NVIC_SetPriorityGrouping  stm32f4xx_hal_cortex.o
    0x0800131c   0x0800131c   0x0000005c   Code   RO         1038    i.HAL_RCCEx_GetPeriphCLKFreq  stm32f4xx_hal_rcc_ex.o
    0x08001378   0x08001378   0x0000013c   Code   RO         1039    i.HAL_RCCEx_PeriphCLKConfig  stm32f4xx_hal_rcc_ex.o
    0x080014b4   0x080014b4   0x00000130   Code   RO         1445    i.HAL_RCC_ClockConfig  stm32f4xx_hal_rcc.o
    0x080015e4   0x080015e4   0x0000000c   Code   RO         1450    i.HAL_RCC_GetHCLKFreq  stm32f4xx_hal_rcc.o
    0x080015f0   0x080015f0   0x00000020   Code   RO         1452    i.HAL_RCC_GetPCLK1Freq  stm32f4xx_hal_rcc.o
    0x08001610   0x08001610   0x00000060   Code   RO         1454    i.HAL_RCC_GetSysClockFreq  stm32f4xx_hal_rcc.o
    0x08001670   0x08001670   0x0000031c   Code   RO         1457    i.HAL_RCC_OscConfig  stm32f4xx_hal_rcc.o
    0x0800198c   0x0800198c   0x00000080   Code   RO         3684    i.HAL_SPI_Init      stm32f4xx_hal_spi.o
    0x08001a0c   0x08001a0c   0x00000048   Code   RO         4460    i.HAL_SPI_MspInit   stm32f4xx_hal_msp.o
    0x08001a54   0x08001a54   0x00000018   Code   RO         1103    i.HAL_SYSTICK_CLKSourceConfig  stm32f4xx_hal_cortex.o
    0x08001a6c   0x08001a6c   0x00000002   Code   RO         1104    i.HAL_SYSTICK_Callback  stm32f4xx_hal_cortex.o
    0x08001a6e   0x08001a6e   0x00000028   Code   RO         1105    i.HAL_SYSTICK_Config  stm32f4xx_hal_cortex.o
    0x08001a96   0x08001a96   0x00000008   Code   RO         1106    i.HAL_SYSTICK_IRQHandler  stm32f4xx_hal_cortex.o
    0x08001a9e   0x08001a9e   0x00000050   Code   RO          813    i.HAL_TIMEx_MasterConfigSynchronization  stm32f4xx_hal_tim_ex.o
    0x08001aee   0x08001aee   0x00000036   Code   RO         1548    i.HAL_TIM_Base_Init  stm32f4xx_hal_tim.o
    0x08001b24   0x08001b24   0x00000028   Code   RO         4462    i.HAL_TIM_Base_MspInit  stm32f4xx_hal_msp.o
    0x08001b4c   0x08001b4c   0x000000f2   Code   RO         1557    i.HAL_TIM_ConfigClockSource  stm32f4xx_hal_tim.o
    0x08001c3e   0x08001c3e   0x00000002   PAD
    0x08001c40   0x08001c40   0x00000030   Code   RO         4463    i.HAL_TIM_MspPostInit  stm32f4xx_hal_msp.o
    0x08001c70   0x08001c70   0x000000d0   Code   RO         1614    i.HAL_TIM_PWM_ConfigChannel  stm32f4xx_hal_tim.o
    0x08001d40   0x08001d40   0x00000036   Code   RO         1617    i.HAL_TIM_PWM_Init  stm32f4xx_hal_tim.o
    0x08001d76   0x08001d76   0x00000002   Code   RO         1619    i.HAL_TIM_PWM_MspInit  stm32f4xx_hal_tim.o
    0x08001d78   0x08001d78   0x00000232   Code   RO          653    i.HCD_HC_IN_IRQHandler  stm32f4xx_hal_hcd.o
    0x08001faa   0x08001faa   0x00000216   Code   RO          654    i.HCD_HC_OUT_IRQHandler  stm32f4xx_hal_hcd.o
    0x080021c0   0x080021c0   0x000000ac   Code   RO          655    i.HCD_Port_IRQHandler  stm32f4xx_hal_hcd.o
    0x0800226c   0x0800226c   0x00000070   Code   RO          656    i.HCD_RXQLVL_IRQHandler  stm32f4xx_hal_hcd.o
    0x080022dc   0x080022dc   0x00000088   Code   RO         3477    i.I2SEx_FullDuplexRx_IT  stm32f4xx_hal_i2s_ex.o
    0x08002364   0x08002364   0x00000084   Code   RO         3478    i.I2SEx_FullDuplexTx_IT  stm32f4xx_hal_i2s_ex.o
    0x080023e8   0x080023e8   0x000000f0   Code   RO         1250    i.I2S_IRQHandler    stm32f4xx_hal_i2s.o
    0x080024d8   0x080024d8   0x00000054   Code   RO         4568    i.MX_ADC1_Init      main.o
    0x0800252c   0x0800252c   0x00000014   Code   RO         4542    i.MX_DriverVbusFS   usbh_platform.o
    0x08002540   0x08002540   0x00000198   Code   RO         4569    i.MX_GPIO_Init      main.o
    0x080026d8   0x080026d8   0x00000038   Code   RO         4570    i.MX_I2C1_Init      main.o
    0x08002710   0x08002710   0x00000038   Code   RO         4571    i.MX_I2S3_Init      main.o
    0x08002748   0x08002748   0x00000040   Code   RO         4572    i.MX_SPI1_Init      main.o
    0x08002788   0x08002788   0x00000074   Code   RO         4573    i.MX_TIM3_Init      main.o
    0x080027fc   0x080027fc   0x0000002c   Code   RO         4676    i.MX_USB_HOST_Init  usb_host.o
    0x08002828   0x08002828   0x0000000c   Code   RO         4677    i.MX_USB_HOST_Process  usb_host.o
    0x08002834   0x08002834   0x00000020   Code   RO         1107    i.NVIC_SetPriority  stm32f4xx_hal_cortex.o
    0x08002854   0x08002854   0x0000000c   Code   RO         4418    i.OTG_FS_IRQHandler  stm32f4xx_it.o
    0x08002860   0x08002860   0x0000000e   Code   RO         4419    i.SysTick_Handler   stm32f4xx_it.o
    0x0800286e   0x0800286e   0x00000002   PAD
    0x08002870   0x08002870   0x000000b4   Code   RO         4574    i.SystemClock_Config  main.o
    0x08002924   0x08002924   0x00000054   Code   RO           14    i.SystemInit        system_stm32f4xx.o
    0x08002978   0x08002978   0x000000c0   Code   RO         1632    i.TIM_Base_SetConfig  stm32f4xx_hal_tim.o
    0x08002a38   0x08002a38   0x00000014   Code   RO         1639    i.TIM_ETR_SetConfig  stm32f4xx_hal_tim.o
    0x08002a4c   0x08002a4c   0x00000010   Code   RO         1640    i.TIM_ITRx_SetConfig  stm32f4xx_hal_tim.o
    0x08002a5c   0x08002a5c   0x00000058   Code   RO         1641    i.TIM_OC1_SetConfig  stm32f4xx_hal_tim.o
    0x08002ab4   0x08002ab4   0x00000064   Code   RO         1642    i.TIM_OC2_SetConfig  stm32f4xx_hal_tim.o
    0x08002b18   0x08002b18   0x00000060   Code   RO         1643    i.TIM_OC3_SetConfig  stm32f4xx_hal_tim.o
    0x08002b78   0x08002b78   0x00000050   Code   RO         1644    i.TIM_OC4_SetConfig  stm32f4xx_hal_tim.o
    0x08002bc8   0x08002bc8   0x00000022   Code   RO         1646    i.TIM_TI1_ConfigInputStage  stm32f4xx_hal_tim.o
    0x08002bea   0x08002bea   0x00000024   Code   RO         1648    i.TIM_TI2_ConfigInputStage  stm32f4xx_hal_tim.o
    0x08002c0e   0x08002c0e   0x00000034   Code   RO          590    i.USBH_AllocPipe    usbh_pipes.o
    0x08002c42   0x08002c42   0x00000020   Code   RO          518    i.USBH_BulkReceiveData  usbh_ioreq.o
    0x08002c62   0x08002c62   0x00000028   Code   RO          519    i.USBH_BulkSendData  usbh_ioreq.o
    0x08002c8a   0x08002c8a   0x00000024   Code   RO          168    i.USBH_CDC_ClassRequest  usbh_cdc.o
    0x08002cae   0x08002cae   0x0000005e   Code   RO          171    i.USBH_CDC_InterfaceDeInit  usbh_cdc.o
    0x08002d0c   0x08002d0c   0x00000134   Code   RO          172    i.USBH_CDC_InterfaceInit  usbh_cdc.o
    0x08002e40   0x08002e40   0x00000002   Code   RO          173    i.USBH_CDC_LineCodingChanged  usbh_cdc.o
    0x08002e42   0x08002e42   0x000000b8   Code   RO          174    i.USBH_CDC_Process  usbh_cdc.o
    0x08002efa   0x08002efa   0x00000002   Code   RO          176    i.USBH_CDC_ReceiveCallback  usbh_cdc.o
    0x08002efc   0x08002efc   0x00000004   Code   RO          177    i.USBH_CDC_SOFProcess  usbh_cdc.o
    0x08002f00   0x08002f00   0x00000002   Code   RO          181    i.USBH_CDC_TransmitCallback  usbh_cdc.o
    0x08002f02   0x08002f02   0x0000000a   Code   RO          591    i.USBH_ClosePipe    usbh_pipes.o
    0x08002f0c   0x08002f0c   0x0000001e   Code   RO          313    i.USBH_ClrFeature   usbh_ctlreq.o
    0x08002f2a   0x08002f2a   0x0000001e   Code   RO          520    i.USBH_CtlReceiveData  usbh_ioreq.o
    0x08002f48   0x08002f48   0x00000036   Code   RO          314    i.USBH_CtlReq       usbh_ctlreq.o
    0x08002f7e   0x08002f7e   0x00000028   Code   RO          521    i.USBH_CtlSendData  usbh_ioreq.o
    0x08002fa6   0x08002fa6   0x0000001e   Code   RO          522    i.USBH_CtlSendSetup  usbh_ioreq.o
    0x08002fc4   0x08002fc4   0x00000004   Code   RO         4271    i.USBH_Delay        usbh_conf.o
    0x08002fc8   0x08002fc8   0x00000044   Code   RO          403    i.USBH_FindInterface  usbh_core.o
    0x0800300c   0x0800300c   0x00000018   Code   RO          592    i.USBH_FreePipe     usbh_pipes.o
    0x08003024   0x08003024   0x00000034   Code   RO          315    i.USBH_GetDescriptor  usbh_ctlreq.o
    0x08003058   0x08003058   0x0000000e   Code   RO          316    i.USBH_GetNextDesc  usbh_ctlreq.o
    0x08003066   0x08003066   0x0000002c   Code   RO          317    i.USBH_Get_CfgDesc  usbh_ctlreq.o
    0x08003092   0x08003092   0x0000009a   Code   RO          318    i.USBH_Get_DevDesc  usbh_ctlreq.o
    0x0800312c   0x0800312c   0x00000048   Code   RO          319    i.USBH_Get_StringDesc  usbh_ctlreq.o
    0x08003174   0x08003174   0x0000017e   Code   RO          320    i.USBH_HandleControl  usbh_ctlreq.o
    0x080032f2   0x080032f2   0x000000f2   Code   RO          406    i.USBH_HandleEnum   usbh_core.o
    0x080033e4   0x080033e4   0x00000030   Code   RO          407    i.USBH_Init         usbh_core.o
    0x08003414   0x08003414   0x00000020   Code   RO         4272    i.USBH_LL_ClosePipe  usbh_conf.o
    0x08003434   0x08003434   0x00000028   Code   RO          408    i.USBH_LL_Connect   usbh_core.o
    0x0800345c   0x0800345c   0x00000038   Code   RO          409    i.USBH_LL_Disconnect  usbh_core.o
    0x08003494   0x08003494   0x0000001a   Code   RO         4274    i.USBH_LL_DriverVBUS  usbh_conf.o
    0x080034ae   0x080034ae   0x00000008   Code   RO         4275    i.USBH_LL_GetLastXferSize  usbh_conf.o
    0x080034b6   0x080034b6   0x00000022   Code   RO         4276    i.USBH_LL_GetSpeed  usbh_conf.o
    0x080034d8   0x080034d8   0x00000008   Code   RO         4278    i.USBH_LL_GetURBState  usbh_conf.o
    0x080034e0   0x080034e0   0x0000001e   Code   RO          410    i.USBH_LL_IncTimer  usbh_core.o
    0x080034fe   0x080034fe   0x00000002   PAD
    0x08003500   0x08003500   0x00000068   Code   RO         4279    i.USBH_LL_Init      usbh_conf.o
    0x08003568   0x08003568   0x0000002a   Code   RO         4280    i.USBH_LL_OpenPipe  usbh_conf.o
    0x08003592   0x08003592   0x00000020   Code   RO         4281    i.USBH_LL_ResetPort  usbh_conf.o
    0x080035b2   0x080035b2   0x00000006   Code   RO          411    i.USBH_LL_SetTimer  usbh_core.o
    0x080035b8   0x080035b8   0x00000020   Code   RO         4282    i.USBH_LL_SetToggle  usbh_conf.o
    0x080035d8   0x080035d8   0x00000020   Code   RO         4283    i.USBH_LL_Start     usbh_conf.o
    0x080035f8   0x080035f8   0x00000020   Code   RO         4284    i.USBH_LL_Stop      usbh_conf.o
    0x08003618   0x08003618   0x00000030   Code   RO         4285    i.USBH_LL_SubmitURB  usbh_conf.o
    0x08003648   0x08003648   0x00000014   Code   RO          593    i.USBH_OpenPipe     usbh_pipes.o
    0x0800365c   0x0800365c   0x000000e8   Code   RO          321    i.USBH_ParseCfgDesc  usbh_ctlreq.o
    0x08003744   0x08003744   0x00000168   Code   RO          412    i.USBH_Process      usbh_core.o
    0x080038ac   0x080038ac   0x0000001c   Code   RO          414    i.USBH_RegisterClass  usbh_core.o
    0x080038c8   0x080038c8   0x00000016   Code   RO          415    i.USBH_SelectInterface  usbh_core.o
    0x080038de   0x080038de   0x0000001c   Code   RO          322    i.USBH_SetAddress   usbh_ctlreq.o
    0x080038fa   0x080038fa   0x0000001c   Code   RO          323    i.USBH_SetCfg       usbh_ctlreq.o
    0x08003916   0x08003916   0x00000014   Code   RO          416    i.USBH_Start        usbh_core.o
    0x0800392a   0x0800392a   0x00000002   PAD
    0x0800392c   0x0800392c   0x00000020   Code   RO         4678    i.USBH_UserProcess  usb_host.o
    0x0800394c   0x0800394c   0x0000006c   Code   RO         2235    i.USB_CoreInit      stm32f4xx_ll_usb.o
    0x080039b8   0x080039b8   0x00000038   Code   RO         2236    i.USB_CoreReset     stm32f4xx_ll_usb.o
    0x080039f0   0x080039f0   0x0000000c   Code   RO         2242    i.USB_DisableGlobalInt  stm32f4xx_ll_usb.o
    0x080039fc   0x080039fc   0x00000040   Code   RO         2243    i.USB_DoPing        stm32f4xx_ll_usb.o
    0x08003a3c   0x08003a3c   0x0000002c   Code   RO         2244    i.USB_DriveVbus     stm32f4xx_ll_usb.o
    0x08003a68   0x08003a68   0x0000000c   Code   RO         2250    i.USB_EnableGlobalInt  stm32f4xx_ll_usb.o
    0x08003a74   0x08003a74   0x00000020   Code   RO         2251    i.USB_FlushRxFifo   stm32f4xx_ll_usb.o
    0x08003a94   0x08003a94   0x00000024   Code   RO         2252    i.USB_FlushTxFifo   stm32f4xx_ll_usb.o
    0x08003ab8   0x08003ab8   0x00000008   Code   RO         2253    i.USB_GetCurrentFrame  stm32f4xx_ll_usb.o
    0x08003ac0   0x08003ac0   0x0000000e   Code   RO         2255    i.USB_GetHostSpeed  stm32f4xx_ll_usb.o
    0x08003ace   0x08003ace   0x00000008   Code   RO         2256    i.USB_GetMode       stm32f4xx_ll_usb.o
    0x08003ad6   0x08003ad6   0x00000148   Code   RO         2257    i.USB_HC_Halt       stm32f4xx_ll_usb.o
    0x08003c1e   0x08003c1e   0x00000002   PAD
    0x08003c20   0x08003c20   0x000000ea   Code   RO         2258    i.USB_HC_Init       stm32f4xx_ll_usb.o
    0x08003d0a   0x08003d0a   0x0000000c   Code   RO         2259    i.USB_HC_ReadInterrupt  stm32f4xx_ll_usb.o
    0x08003d16   0x08003d16   0x00000002   PAD
    0x08003d18   0x08003d18   0x00000188   Code   RO         2260    i.USB_HC_StartXfer  stm32f4xx_ll_usb.o
    0x08003ea0   0x08003ea0   0x000000d4   Code   RO         2261    i.USB_HostInit      stm32f4xx_ll_usb.o
    0x08003f74   0x08003f74   0x00000036   Code   RO         2262    i.USB_InitFSLSPClkSel  stm32f4xx_ll_usb.o
    0x08003faa   0x08003faa   0x00000008   Code   RO         2267    i.USB_ReadInterrupts  stm32f4xx_ll_usb.o
    0x08003fb2   0x08003fb2   0x00000020   Code   RO         2268    i.USB_ReadPacket    stm32f4xx_ll_usb.o
    0x08003fd2   0x08003fd2   0x0000002c   Code   RO         2269    i.USB_ResetPort     stm32f4xx_ll_usb.o
    0x08003ffe   0x08003ffe   0x0000002c   Code   RO         2270    i.USB_SetCurrentMode  stm32f4xx_ll_usb.o
    0x0800402a   0x0800402a   0x000000b2   Code   RO         2274    i.USB_StopHost      stm32f4xx_ll_usb.o
    0x080040dc   0x080040dc   0x00000028   Code   RO         2275    i.USB_WritePacket   stm32f4xx_ll_usb.o
    0x08004104   0x08004104   0x00000002   Code   RO         4575    i._Error_Handler    main.o
    0x08004106   0x08004106   0x0000000e   Code   RO         4809    i.__scatterload_copy  mc_w.l(handlers.o)
    0x08004114   0x08004114   0x00000002   Code   RO         4810    i.__scatterload_null  mc_w.l(handlers.o)
    0x08004116   0x08004116   0x0000000e   Code   RO         4811    i.__scatterload_zeroinit  mc_w.l(handlers.o)
    0x08004124   0x08004124   0x00000050   Code   RO         4737    i.free              mc_w.l(malloc.o)
    0x08004174   0x08004174   0x0000002a   Code   RO         4578    i.main              main.o
    0x0800419e   0x0800419e   0x00000002   PAD
    0x080041a0   0x080041a0   0x0000006c   Code   RO         4738    i.malloc            mc_w.l(malloc.o)
    0x0800420c   0x0800420c   0x00000010   Data   RO           15    .constdata          system_stm32f4xx.o
    0x0800421c   0x0800421c   0x00000008   Data   RO           16    .constdata          system_stm32f4xx.o
    0x08004224   0x08004224   0x00000004   Data   RO          182    .conststring        usbh_cdc.o
    0x08004228   0x08004228   0x00000020   Data   RO         4807    Region$$Table       anon$$obj.o


    Execution Region RW_IRAM1 (Exec base: 0x20000000, Load base: 0x08004248, Size: 0x00000e28, Max: 0x00020000, ABSOLUTE)

    Exec Addr    Load Addr    Size         Type   Attr      Idx    E Section Name        Object

    0x20000000   0x08004248   0x00000004   Data   RW           17    .data               system_stm32f4xx.o
    0x20000004   0x0800424c   0x00000020   Data   RW          183    .data               usbh_cdc.o
    0x20000024   0x0800426c   0x0000000c   Data   RW         2539    .data               stm32f4xx_hal.o
    0x20000030   0x08004278   0x00000001   Data   RW         4680    .data               usb_host.o
    0x20000031   0x08004279   0x00000003   PAD
    0x20000034   0x0800427c   0x00000004   Data   RW         4787    .data               mc_w.l(mvars.o)
    0x20000038   0x08004280   0x00000004   Data   RW         4788    .data               mc_w.l(mvars.o)
    0x2000003c        -       0x00000298   Zero   RW         4286    .bss                usbh_conf.o
    0x200002d4        -       0x0000018c   Zero   RW         4580    .bss                main.o
    0x20000460        -       0x000003c8   Zero   RW         4679    .bss                usb_host.o
    0x20000828        -       0x00000200   Zero   RW            2    HEAP                startup_stm32f407xx.o
    0x20000a28        -       0x00000400   Zero   RW            1    STACK               startup_stm32f407xx.o


==============================================================================

Image component sizes


      Code (inc. data)   RO Data    RW Data    ZI Data      Debug   Object Name

      1008         98          0          0        396       6538   main.o
        36          8        392          0       1536        828   startup_stm32f407xx.o
       180         28          0         12          0       4521   stm32f4xx_hal.o
       708         28          0          0          0       2843   stm32f4xx_hal_adc.o
       228         14          0          0          0      32073   stm32f4xx_hal_cortex.o
       442         44          0          0          0       2400   stm32f4xx_hal_gpio.o
      2198          4          0          0          0      13229   stm32f4xx_hal_hcd.o
       264         10          0          0          0       2971   stm32f4xx_hal_i2c.o
       630         18          0          0          0       4133   stm32f4xx_hal_i2s.o
       754         26          0          0          0       3567   stm32f4xx_hal_i2s_ex.o
       492         74          0          0          0       4643   stm32f4xx_hal_msp.o
      1240         70          0          0          0       4981   stm32f4xx_hal_rcc.o
       408         36          0          0          0       2257   stm32f4xx_hal_rcc_ex.o
       128          0          0          0          0       1195   stm32f4xx_hal_spi.o
      1222         80          0          0          0      11074   stm32f4xx_hal_tim.o
        80          0          0          0          0       1276   stm32f4xx_hal_tim_ex.o
        26          6          0          0          0        938   stm32f4xx_it.o
      1972         48          0          0          0      16999   stm32f4xx_ll_usb.o
        84         18         24          4          0     708559   system_stm32f4xx.o
        88         24          0          1        968       2038   usb_host.o
       872          6          4         32          0      20288   usbh_cdc.o
       580         36          0          0        664      11508   usbh_conf.o
       992         20          0          0          0       9524   usbh_core.o
      1090         12          0          0          0       9848   usbh_ctlreq.o
       172          0          0          0          0       4300   usbh_ioreq.o
       106          0          0          0          0       3322   usbh_pipes.o
        20          4          0          0          0        510   usbh_platform.o

    ----------------------------------------------------------------------
     16046        712        452         52       3564     886363   Object Totals
         0          0         32          0          0          0   (incl. Generated)
        26          0          0          3          0          0   (incl. Padding)

    ----------------------------------------------------------------------

      Code (inc. data)   RO Data    RW Data    ZI Data      Debug   Library Member Name

         0          0          0          0          0          0   entry.o
         0          0          0          0          0          0   entry10a.o
         0          0          0          0          0          0   entry11a.o
         8          4          0          0          0          0   entry2.o
         4          0          0          0          0          0   entry5.o
         0          0          0          0          0          0   entry7b.o
         0          0          0          0          0          0   entry8b.o
         8          4          0          0          0          0   entry9a.o
        30          0          0          0          0          0   handlers.o
        36          8          0          0          0         68   init.o
        30          0          0          0          0         68   llshl.o
        32          0          0          0          0         68   llushr.o
       188         20          0          0          0        160   malloc.o
        36          0          0          0          0         68   memcpya.o
         0          0          0          8          0          0   mvars.o
        98          0          0          0          0         92   uldiv.o

    ----------------------------------------------------------------------
       470         36          0          8          0        524   Library Totals
         0          0          0          0          0          0   (incl. Padding)

    ----------------------------------------------------------------------

      Code (inc. data)   RO Data    RW Data    ZI Data      Debug   Library Name

       470         36          0          8          0        524   mc_w.l

    ----------------------------------------------------------------------
       470         36          0          8          0        524   Library Totals

    ----------------------------------------------------------------------

==============================================================================


      Code (inc. data)   RO Data    RW Data    ZI Data      Debug   

     16516        748        452         60       3564     870383   Grand Totals
     16516        748        452         60       3564     870383   ELF Image Totals
     16516        748        452         60          0          0   ROM Totals

==============================================================================

    Total RO  Size (Code + RO Data)                16968 (  16.57kB)
    Total RW  Size (RW Data + ZI Data)              3624 (   3.54kB)
    Total ROM Size (Code + RO Data + RW Data)      17028 (  16.63kB)

==============================================================================

