<html>
<body>
<pre>
<h1>µVision Build Log</h1>
<h2>Tool Versions:</h2>
IDE-Version: µVision V5.24.2.0
Copyright (C) 2017 ARM Ltd and ARM Germany GmbH. All rights reserved.
License Information: Clement Fournier, Mcgill, LIC=----
 
Tool Versions:
Toolchain:       MDK-Lite  Version: 5.24.1
Toolchain Path:  C:\Keil_v5\ARM\ARMCC\Bin
C Compiler:      Armcc.exe V5.06 update 5 (build 528)
Assembler:       Armasm.exe V5.06 update 5 (build 528)
Linker/Locator:  ArmLink.exe V5.06 update 5 (build 528)
Library Manager: ArmAr.exe V5.06 update 5 (build 528)
Hex Converter:   FromElf.exe V5.06 update 5 (build 528)
CPU DLL:         SARMCM3.DLL V5.24.1
Dialog DLL:      DCM.DLL V1.16.0.0
Target DLL:      STLink\ST-LINKIII-KEIL_SWO.dll V3.0.1.0
Dialog DLL:      TCM.DLL V1.32.0.0
 
<h2>Project:</h2>
C:\Users\Clem\Desktop\lab3_2\MDK-ARM\lab3_2.uvprojx
Project File Date:  03/02/2018

<h2>Output:</h2>
*** Using Compiler 'V5.06 update 5 (build 528)', folder: 'C:\Keil_v5\ARM\ARMCC\Bin'
Build target 'lab3_2'
compiling main.c...
../Src/main.c(1264): warning:  #1035-D: single-precision operand implicitly converted to double-precision
  	if (dispNum < 1.4){
../Src/main.c(1266): warning:  #1035-D: single-precision operand implicitly converted to double-precision
  				if (diff > 0.5){
../Src/main.c(1269): warning:  #1035-D: single-precision operand implicitly converted to double-precision
  				if (diff > 0.2){
../Src/main.c(1299): warning:  #1035-D: single-precision operand implicitly converted to double-precision
  				if (diff > 0.5){
../Src/main.c(1302): warning:  #1035-D: single-precision operand implicitly converted to double-precision
  				if (diff > 0.2){
../Src/main.c(1333): warning:  #1035-D: single-precision operand implicitly converted to double-precision
  	if(diff*diff < 0.04){
../Src/main.c(1336): warning:  #1035-D: single-precision operand implicitly converted to double-precision
  	else if(diff*diff < 0.01){
../Src/main.c(1259): warning:  #177-D: variable "p_control"  was declared but never referenced
  	float p_control = 1;
../Src/main.c(1260): warning:  #177-D: variable "proportionGain"  was declared but never referenced
  	float proportionGain;
../Src/main.c: 9 warnings, 0 errors
linking...
Program Size: Code=29444 RO-data=520 RW-data=136 ZI-data=3824  
"lab3_2\lab3_2.axf" - 0 Error(s), 9 Warning(s).

<h2>Software Packages used:</h2>

Package Vendor: ARM
                http://www.keil.com/pack/ARM.CMSIS.5.0.1.pack
                ARM.CMSIS.5.0.1
                CMSIS (Cortex Microcontroller Software Interface Standard)
   * Component: CORE Version: 5.0.1

Package Vendor: Keil
                http://www.keil.com/pack/Keil.STM32F4xx_DFP.2.11.0.pack
                Keil.STM32F4xx_DFP.2.11.0
                STMicroelectronics STM32F4 Series Device Support, Drivers and Examples

<h2>Collection of Component include folders:</h2>
  .\RTE\_lab3_2
  C:\Keil_v5\ARM\PACK\ARM\CMSIS\5.0.1\CMSIS\Include
  C:\Keil_v5\ARM\PACK\Keil\STM32F4xx_DFP\2.11.0\Drivers\CMSIS\Device\ST\STM32F4xx\Include

<h2>Collection of Component Files used:</h2>

   * Component: ARM::CMSIS:CORE:5.0.1
Build Time Elapsed:  00:00:03
</pre>
</body>
</html>
